Archive member included because of file (symbol)

D:/CW/P1/Sources/TSS\libTSS_KXX_M0.a(TSS_ASliderDecoder.o)
                              ./Sources/TSS/TSS_SystemSetupData.o (TSS_ASliderDecoder)
D:/CW/P1/Sources/TSS\libTSS_KXX_M0.a(TSS_Filters.o)
                              ./Sources/TSS/TSS_SystemSetupData.o (TSS_KeyDetectorInitPrevCapSample)
D:/CW/P1/Sources/TSS\libTSS_KXX_M0.a(TSS_KeyDetector.o)
                              ./Sources/TSS/TSS_SystemSetupData.o (TSS_KeyDetectorRecalibrationRequest)
D:/CW/P1/Sources/TSS\libTSS_KXX_M0.a(TSS_Main.o)
                              ./Generated_Code/TSS1.o (TSS_Init)
C:/Freescale/CW MCU v11.1/MCU/ARM_GCC_Support/ewl/lib/armv6-m\libc.a(printf.o)
                              ./Sources/Events.o (printf)
C:/Freescale/CW MCU v11.1/MCU/ARM_GCC_Support/ewl/lib/armv6-m\libc.a(exit.o)
                              ./Project_Settings/Startup_Code/__arm_start.o (exit)
C:/Freescale/CW MCU v11.1/MCU/ARM_GCC_Support/ewl/lib/armv6-m\libc.a(memset.o)
                              ./Project_Settings/Startup_Code/__arm_start.o (memset)
C:/Freescale/CW MCU v11.1/MCU/ARM_GCC_Support/ewl/lib/armv6-m\libc.a(__filll_mem.o)
                              C:/Freescale/CW MCU v11.1/MCU/ARM_GCC_Support/ewl/lib/armv6-m\libc.a(memset.o) (__fill_mem)
C:/Freescale/CW MCU v11.1/MCU/ARM_GCC_Support/ewl/lib/armv6-m\libc.a(printformat_.o)
                              (__pformatter_)
C:/Freescale/CW MCU v11.1/MCU/ARM_GCC_Support/ewl/lib/armv6-m\libc.a(scanformat_.o)
                              (__sformatter)
C:/Freescale/CW MCU v11.1/MCU/ARM_GCC_Support/ewl/lib/armv6-m\libc.a(ctype_aeabi.o)
                              C:/Freescale/CW MCU v11.1/MCU/ARM_GCC_Support/ewl/lib/armv6-m\libc.a(scanformat_.o) (isspace)
C:/Freescale/CW MCU v11.1/MCU/ARM_GCC_Support/ewl/lib/armv6-m\libc.a(fwrite.o)
                              C:/Freescale/CW MCU v11.1/MCU/ARM_GCC_Support/ewl/lib/armv6-m\libc.a(printf.o) (__FileWrite)
C:/Freescale/CW MCU v11.1/MCU/ARM_GCC_Support/ewl/lib/armv6-m\libc.a(ansi_files.o)
                              C:/Freescale/CW MCU v11.1/MCU/ARM_GCC_Support/ewl/lib/armv6-m\libc.a(printf.o) (__files)
C:/Freescale/CW MCU v11.1/MCU/ARM_GCC_Support/ewl/lib/armv6-m\libc.a(__buffer_io.o)
                              C:/Freescale/CW MCU v11.1/MCU/ARM_GCC_Support/ewl/lib/armv6-m\libc.a(fwrite.o) (__prep_buffer)
C:/Freescale/CW MCU v11.1/MCU/ARM_GCC_Support/ewl/lib/armv6-m\libc.a(fflush.o)
                              C:/Freescale/CW MCU v11.1/MCU/ARM_GCC_Support/ewl/lib/armv6-m\libc.a(ansi_files.o) (fflush)
C:/Freescale/CW MCU v11.1/MCU/ARM_GCC_Support/ewl/lib/armv6-m\libc.a(__strtoul.o)
                              C:/Freescale/CW MCU v11.1/MCU/ARM_GCC_Support/ewl/lib/armv6-m\libc.a(scanformat_.o) (__strtoul)
C:/Freescale/CW MCU v11.1/MCU/ARM_GCC_Support/ewl/lib/armv6-m\libc.a(strchr.o)
                              C:/Freescale/CW MCU v11.1/MCU/ARM_GCC_Support/ewl/lib/armv6-m\libc.a(printformat_.o) (strchr)
C:/Freescale/CW MCU v11.1/MCU/ARM_GCC_Support/ewl/lib/armv6-m\libc.a(memcpy.o)
                              C:/Freescale/CW MCU v11.1/MCU/ARM_GCC_Support/ewl/lib/armv6-m\libc.a(scanformat_.o) (memcpy)
C:/Freescale/CW MCU v11.1/MCU/ARM_GCC_Support/ewl/lib/armv6-m\libc.a(strlen.o)
                              C:/Freescale/CW MCU v11.1/MCU/ARM_GCC_Support/ewl/lib/armv6-m\libc.a(printformat_.o) (strlen)
C:/Freescale/CW MCU v11.1/MCU/ARM_GCC_Support/ewl/lib/armv6-m\libc.a(__memrchr.o)
                              C:/Freescale/CW MCU v11.1/MCU/ARM_GCC_Support/ewl/lib/armv6-m\libc.a(fwrite.o) (__memrchr)
C:/Freescale/CW MCU v11.1/MCU/ARM_GCC_Support/ewl/lib/armv6-m\libc.a(memchr.o)
                              C:/Freescale/CW MCU v11.1/MCU/ARM_GCC_Support/ewl/lib/armv6-m\libc.a(printformat_.o) (memchr)
c:/freescale/cw mcu v11.1/cross_tools/arm-none-eabi-gcc-4_7_3/bin/../lib/gcc/arm-none-eabi/4.7.3/armv6-m\libgcc.a(_thumb1_case_sqi.o)
                              C:/Freescale/CW MCU v11.1/MCU/ARM_GCC_Support/ewl/lib/armv6-m\libc.a(__strtoul.o) (__gnu_thumb1_case_sqi)
c:/freescale/cw mcu v11.1/cross_tools/arm-none-eabi-gcc-4_7_3/bin/../lib/gcc/arm-none-eabi/4.7.3/armv6-m\libgcc.a(_thumb1_case_uqi.o)
                              C:/Freescale/CW MCU v11.1/MCU/ARM_GCC_Support/ewl/lib/armv6-m\libc.a(scanformat_.o) (__gnu_thumb1_case_uqi)
c:/freescale/cw mcu v11.1/cross_tools/arm-none-eabi-gcc-4_7_3/bin/../lib/gcc/arm-none-eabi/4.7.3/armv6-m\libgcc.a(_udivsi3.o)
                              D:/CW/P1/Sources/TSS\libTSS_KXX_M0.a(TSS_ASliderDecoder.o) (__aeabi_uidiv)
c:/freescale/cw mcu v11.1/cross_tools/arm-none-eabi-gcc-4_7_3/bin/../lib/gcc/arm-none-eabi/4.7.3/armv6-m\libgcc.a(_divsi3.o)
                              D:/CW/P1/Sources/TSS\libTSS_KXX_M0.a(TSS_ASliderDecoder.o) (__aeabi_idiv)
c:/freescale/cw mcu v11.1/cross_tools/arm-none-eabi-gcc-4_7_3/bin/../lib/gcc/arm-none-eabi/4.7.3/armv6-m\libgcc.a(_dvmd_tls.o)
[...]
Memory Configuration

Name             Origin             Length             Attributes
m_interrupts     0x00000000         0x000000c0         xr
m_text           0x00000410         0x0003fbf0         xr
m_data           0x1fffe000         0x00008000         rw
m_cfmprotrom     0x00000400         0x00000010         xr
*default*        0x00000000         0xffffffff

Linker script and memory map

LOAD ./Generated_Code/Vectors.o
LOAD ./Generated_Code/TU1.o
LOAD ./Generated_Code/TSS1.o
LOAD ./Generated_Code/PwmLdd1.o
LOAD ./Generated_Code/PWM.o
LOAD ./Generated_Code/PE_LDD.o
LOAD ./Generated_Code/IO1.o
LOAD ./Generated_Code/Cpu.o
LOAD ./Generated_Code/Console.o
LOAD ./Project_Settings/Startup_Code/__arm_start.o
LOAD ./Project_Settings/Startup_Code/__arm_end.o
LOAD ./Sources/TSS/TSS_SystemSetupData.o
LOAD ./Sources/TSS/TSS_SensorTSIL.o
LOAD ./Sources/TSS/TSS_SensorTSI.o
LOAD ./Sources/TSS/TSS_SensorGPIO.o
LOAD ./Sources/TSS/TSS_Sensor.o
LOAD ./Sources/TSS/TSS_Freemaster.o
LOAD ./Sources/sa_mtb.o
LOAD ./Sources/main.o
LOAD ./Sources/Events.o
                0x0000561c                __pformatter = __pformatter_
                [0x00005a44]                __sformatter = __sformatter
LOAD D:/CW/P1/Sources/TSS\libTSS_KXX_M0.a
START GROUP
LOAD C:/Freescale/CW MCU v11.1/MCU/ARM_GCC_Support/ewl/lib/armv6-m\libc.a
LOAD C:/Freescale/CW MCU v11.1/MCU/ARM_GCC_Support/ewl/lib/armv6-m\libm.a
LOAD c:/freescale/cw mcu v11.1/cross_tools/arm-none-eabi-gcc-4_7_3/bin/../lib/gcc/arm-none-eabi/4.7.3/armv6-m\libgcc.a
LOAD C:/Freescale/CW MCU v11.1/MCU/ARM_GCC_Support/ewl/lib/armv6-m\librt.a
LOAD C:/Freescale/CW MCU v11.1/MCU/ARM_GCC_Support/ewl/lib/armv6-m\libuart.a
END GROUP
                0x20006000                _estack = 0x20006000
                0x20006000                __SP_INIT = _estack
                0x00000000                __heap_size = 0x0
                0x00000400                __stack_size = 0x400

.interrupts     0x00000000       0xc0
                0x00000000                __vector_table = .
                0x00000000                . = ALIGN (0x4)
 *(.vectortable)
 .vectortable   0x00000000       0xc0 ./Generated_Code/Vectors.o
                0x00000000                __vect_table
                0x000000c0                . = ALIGN (0x4)

.cfmprotect     0x00000400       0x10
                0x00000400                . = ALIGN (0x4)
 *(.cfmconfig)
 .cfmconfig     0x00000400       0x10 ./Generated_Code/Cpu.o
                0x00000400                _cfm
                0x00000410                . = ALIGN (0x4)

.text           0x00000410     0x64b0
                0x00000410                . = ALIGN (0x4)
 *(.text)
 .text          0x00000410      0x7c0 D:/CW/P1/Sources/TSS\libTSS_KXX_M0.a(TSS_ASliderDecoder.o)
                0x00000410                TSS_ASliderDecoder
                0x000008e8                TSS_ASliderCalculatePosIIRFilter
                0x00000940                TSS_ASliderDelayControl
                0x000009b8                TSS_ASliderTrendThreshold
                0x000009e4                TSS_ASliderTrendControl
                0x00000ac0                TSS_SetASliderConfig
                0x00000bb8                TSS_GetASliderConfig
 .text          0x00000bd0      0x5f4 D:/CW/P1/Sources/TSS\libTSS_KXX_M0.a(TSS_Filters.o)
                0x00000c80                TSS_u16NoiseAmplitudeFilter
                0x00000cb2                TSS_i8NoiseAmplitudeFilter
                0x00000ce6                TSS_ShieldEquation
                0x00000d4c                TSS_KeyDetectorInitPrevCapSample
                0x00000d60                TSS_KeyDetectorCalculateIIRFilter
                0x00000d74                TSS_KeyDetectorCalculateShielding
                0x00000d88                TSS_KeyDetectorSignalDivider
                0x00000da4                TSS_KeyDetectorSignalMultiplier
                0x00000dd4                TSS_AutoCalibration
                0x00000fe0                TSS_DeltaNoiseAnalysisBufferControl
                0x00001148                TSS_DeltaNoiseAnalysisIIRControl
 .text          0x000011c4      0xcd8 D:/CW/P1/Sources/TSS\libTSS_KXX_M0.a(TSS_KeyDetector.o)
                0x00001242                TSS_KeyDetectorResetElectrodeDebouncing
                0x00001260                TSS_KeyDetectorResetElectrode
                0x00001280                TSS_KeyDetectorRestartElectrode
                0x00001370                TSS_KeyDetectorRecalibrationRequest
                0x00001382                TSS_KeyDetectorRecalibrateModules
                0x000013d4                TSS_KeyDetectorGetGroupCounter
                0x00001400                TSS_KeyDetectorDecoderDataInit
                0x00001474                TSS_KeyDetectorInit
                0x00001498                TSS_KeyDetectorResetElectrodeMeasured
                0x000014c4                TSS_KeyDetectorFillDeltaLogBuffer
                0x000014dc                TSS_KeyDetectorFillSignalLogBuffer
                0x000014f0                TSS_KeyDetectorStuckKeyControl
                0x0000153c                TSS_KeyDetectorResetStuckKeyCounter
                0x00001548                TSS_KeyDetectorDetect
                0x00001728                TSS_KeyDetectorDetectDecoder
                0x0000178c                TSS_KeyDetectorNegativeBaselineDrop
                0x0000181c                TSS_KeyDetectorCalibrate
                0x00001850                TSS_KeyDetectorCalculateDelta
                0x00001b1c                TSS_KeyDetectorMainSequenced
                0x00001cbc                TSS_KeyDetectorMain
                0x00001e6c                TSS_KeyDetectorSetControlIdle
 .text          0x00001e9c      0x9ac D:/CW/P1/Sources/TSS\libTSS_KXX_M0.a(TSS_Main.o)
                0x00001e9c                TSS_InitRegisterArrays
                0x00001eec                TSS_InitInternalArrays
                0x00001fa0                TSS_Init
                0x00002020                TSS_DataCorruptionCheck
                0x000020c4                TSS_ExecuteDecoders
                0x00002150                TSS_FaultEvaluation
                0x000021b0                TSS_TriggerControl
                0x00002204                TSS_Task
                0x00002298                TSS_TaskSeq
                0x0000232c                TSS_SetControlPrivateData
                0x00002338                TSS_GetControlPrivateData
                0x00002344                TSS_GetControlStruct
                0x00002350                TSS_GetControlElectrodeNumber
                0x00002370                TSS_GetControlFirstElectrodeIndex
                0x00002384                TSS_GetControlLastElectrodeIndex
                0x00002394                TSS_TriggerConfig
                0x00002418                TSS_LowPowerConfig
                0x000024dc                TSS_ProximityConfig
                0x00002534                TSS_SetSystemConfig
                0x00002774                TSS_GetSystemConfig
 .text          0x00002848       0x14 c:/freescale/cw mcu v11.1/cross_tools/arm-none-eabi-gcc-4_7_3/bin/../lib/gcc/arm-none-eabi/4.7.3/armv6-m\libgcc.a(_thumb1_case_sqi.o)
                0x00002848                __gnu_thumb1_case_sqi
 .text          0x0000285c       0x14 c:/freescale/cw mcu v11.1/cross_tools/arm-none-eabi-gcc-4_7_3/bin/../lib/gcc/arm-none-eabi/4.7.3/armv6-m\libgcc.a(_thumb1_case_uqi.o)
                0x0000285c                __gnu_thumb1_case_uqi
 .text          0x00002870       0x9c c:/freescale/cw mcu v11.1/cross_tools/arm-none-eabi-gcc-4_7_3/bin/../lib/gcc/arm-none-eabi/4.7.3/armv6-m\libgcc.a(_udivsi3.o)
                0x00002870                __aeabi_uidiv
                0x00002870                __udivsi3
                0x000028f8                __aeabi_uidivmod
 .text          0x0000290c       0xc0 c:/freescale/cw mcu v11.1/cross_tools/arm-none-eabi-gcc-4_7_3/bin/../lib/gcc/arm-none-eabi/4.7.3/armv6-m\libgcc.a(_divsi3.o)
                0x0000290c                __divsi3
                0x0000290c                __aeabi_idiv
                0x000029b8                __aeabi_idivmod
 .text          0x000029cc        0x4 c:/freescale/cw mcu v11.1/cross_tools/arm-none-eabi-gcc-4_7_3/bin/../lib/gcc/arm-none-eabi/4.7.3/armv6-m\libgcc.a(_dvmd_tls.o)
                0x000029cc                __aeabi_idiv0
                0x000029cc                __aeabi_ldiv0
 .text          0x000029d0       0x74 c:/freescale/cw mcu v11.1/cross_tools/arm-none-eabi-gcc-4_7_3/bin/../lib/gcc/arm-none-eabi/4.7.3/armv6-m\libgcc.a(_arm_cmpsf2.o)
                0x000029d0                __aeabi_cfrcmple
                0x000029d8                __aeabi_cfcmpeq
                0x000029d8                __aeabi_cfcmple
                0x000029e8                __aeabi_fcmpeq
                0x000029f4                __aeabi_fcmplt
                0x00002a08                __aeabi_fcmple
                0x00002a1c                __aeabi_fcmpgt
                0x00002a30                __aeabi_fcmpge
 .text          0x00002a44       0x30 c:/freescale/cw mcu v11.1/cross_tools/arm-none-eabi-gcc-4_7_3/bin/../lib/gcc/arm-none-eabi/4.7.3/armv6-m\libgcc.a(_fixunssfsi.o)
                0x00002a44                __fixunssfsi
                0x00002a44                __aeabi_f2uiz
 .text          0x00002a74       0x50 c:/freescale/cw mcu v11.1/cross_tools/arm-none-eabi-gcc-4_7_3/bin/../lib/gcc/arm-none-eabi/4.7.3/armv6-m\libgcc.a(eqsf2.o)
                0x00002a74                __eqsf2
                0x00002a74                __nesf2
 .text          0x00002ac4       0x90 c:/freescale/cw mcu v11.1/cross_tools/arm-none-eabi-gcc-4_7_3/bin/../lib/gcc/arm-none-eabi/4.7.3/armv6-m\libgcc.a(gesf2.o)
                0x00002ac4                __gesf2
                0x00002ac4                __gtsf2
 .text          0x00002b54       0x90 c:/freescale/cw mcu v11.1/cross_tools/arm-none-eabi-gcc-4_7_3/bin/../lib/gcc/arm-none-eabi/4.7.3/armv6-m\libgcc.a(lesf2.o)
                0x00002b54                __ltsf2
                0x00002b54                __lesf2
 .text          0x00002be4      0x260 c:/freescale/cw mcu v11.1/cross_tools/arm-none-eabi-gcc-4_7_3/bin/../lib/gcc/arm-none-eabi/4.7.3/armv6-m\libgcc.a(mulsf3.o)
                0x00002be4                __aeabi_fmul
 .text          0x00002e44      0x3ac c:/freescale/cw mcu v11.1/cross_tools/arm-none-eabi-gcc-4_7_3/bin/../lib/gcc/arm-none-eabi/4.7.3/armv6-m\libgcc.a(subsf3.o)
                0x00002e44                __aeabi_fsub
 .text          0x000031f0       0x40 c:/freescale/cw mcu v11.1/cross_tools/arm-none-eabi-gcc-4_7_3/bin/../lib/gcc/arm-none-eabi/4.7.3/armv6-m\libgcc.a(fixsfsi.o)
                0x000031f0                __aeabi_f2iz
 .text          0x00003230       0xa8 c:/freescale/cw mcu v11.1/cross_tools/arm-none-eabi-gcc-4_7_3/bin/../lib/gcc/arm-none-eabi/4.7.3/armv6-m\libgcc.a(floatsisf.o)
                0x00003230                __aeabi_i2f
 .text          0x000032d8       0x3c c:/freescale/cw mcu v11.1/cross_tools/arm-none-eabi-gcc-4_7_3/bin/../lib/gcc/arm-none-eabi/4.7.3/armv6-m\libgcc.a(_clzsi2.o)
                0x000032d8                __clzsi2
 *(.text*)
 .text.TU1_Init
                0x00003314       0xd8 ./Generated_Code/TU1.o
                0x00003314                TU1_Init
 .text.TU1_GetPeriodTicks
                0x000033ec       0x3c ./Generated_Code/TU1.o
                0x000033ec                TU1_GetPeriodTicks
 .text.TU1_SetOffsetTicks
                0x00003428       0x58 ./Generated_Code/TU1.o
                0x00003428                TU1_SetOffsetTicks
 .text.TSS1_InitDevices
                0x00003480       0x44 ./Generated_Code/TSS1.o
                0x00003480                TSS1_InitDevices
 .text.TSS1_Configure
                0x000034c4      0x158 ./Generated_Code/TSS1.o
                0x000034c4                TSS1_Configure
 .text.PwmLdd1_Init
                0x0000361c       0x54 ./Generated_Code/PwmLdd1.o
                0x0000361c                PwmLdd1_Init
 .text.PwmLdd1_SetDutyUS
                0x00003670       0x7c ./Generated_Code/PwmLdd1.o
                0x00003670                PwmLdd1_SetDutyUS
 .text.SetRatio
                0x000036ec       0x68 ./Generated_Code/PwmLdd1.o
 .text.IO1_Init
                0x00003754      0x160 ./Generated_Code/IO1.o
                0x00003754                IO1_Init
 .text.Cpu_INT_NMIInterrupt
                0x000038b4        0xc ./Generated_Code/Cpu.o
                0x000038b4                Cpu_INT_NMIInterrupt
 .text.Cpu_Interrupt
                0x000038c0        0xc ./Generated_Code/Cpu.o
                0x000038c0                Cpu_Interrupt
 .text.__init_hardware
                0x000038cc      0x118 ./Generated_Code/Cpu.o
                0x000038cc                __init_hardware
 .text.PE_low_level_init
                0x000039e4       0xf0 ./Generated_Code/Cpu.o
                0x000039e4                PE_low_level_init
 .text.__read_console
                0x00003ad4       0x8c ./Generated_Code/Console.o
                0x00003ad4                __read_console
 .text.__write_console
                0x00003b60       0x7c ./Generated_Code/Console.o
                0x00003b60                __write_console
 .text.__close_console
                0x00003bdc       0x14 ./Generated_Code/Console.o
                0x00003bdc                __close_console
 .text.zero_fill_bss
                0x00003bf0       0x24 ./Project_Settings/Startup_Code/__arm_start.o
 .text.__thumb_startup
                0x00003c14       0x30 ./Project_Settings/Startup_Code/__arm_start.o
                0x00003c14                __thumb_startup
 .text._ExitProcess
                0x00003c44        0xc ./Project_Settings/Startup_Code/__arm_end.o
                0x00003c44                _ExitProcess
 .text.TSS_IIRFilterEquation
                0x00003c50       0x3c ./Sources/TSS/TSS_SystemSetupData.o
                0x00003c50                TSS_IIRFilterEquation
 .text.TSIL_InitModule
                0x00003c8c       0x38 ./Sources/TSS/TSS_SensorTSIL.o
                0x00003c8c                TSIL_InitModule
 .text.TSIL_SetNSamples
                0x00003cc4       0x68 ./Sources/TSS/TSS_SensorTSIL.o
                0x00003cc4                TSIL_SetNSamples
 .text.TSIL_InitLowPower
                0x00003d2c       0x8c ./Sources/TSS/TSS_SensorTSIL.o
                0x00003d2c                TSIL_InitLowPower
 .text.TSIL_InitPEN
                0x00003db8      0x238 ./Sources/TSS/TSS_SensorTSIL.o
                0x00003db8                TSIL_InitPEN
 .text.TSIL_Recalibrate
                0x00003ff0      0x5c4 ./Sources/TSS/TSS_SensorTSIL.o
                0x00003ff0                TSIL_Recalibrate
 .text.TSIL_InitThresholds
                0x000045b4      0x118 ./Sources/TSS/TSS_SensorTSIL.o
                0x000045b4                TSIL_InitThresholds
 .text.TSIL_InitTrigger
                0x000046cc      0x1b8 ./Sources/TSS/TSS_SensorTSIL.o
                0x000046cc                TSIL_InitTrigger
 .text.TSIL_MethodControl
                0x00004884      0x364 ./Sources/TSS/TSS_SensorTSIL.o
                0x00004884                TSIL_MethodControl
 .text.TSIL_ReadCounter
                0x00004be8       0xd8 ./Sources/TSS/TSS_SensorTSIL.o
                0x00004be8                TSIL_ReadCounter
 .text.TSIL_HandleMeasurement
                0x00004cc0       0xfc ./Sources/TSS/TSS_SensorTSIL.o
                0x00004cc0                TSIL_HandleMeasurement
 .text.TSIL_SampleElectrode
                0x00004dbc      0x1d8 ./Sources/TSS/TSS_SensorTSIL.o
                0x00004dbc                TSIL_SampleElectrode
 .text.TSS_TSI0Isr
                0x00004f94      0x1a4 ./Sources/TSS/TSS_SensorTSIL.o
                0x00004f94                TSS_TSI0Isr
 .text.TSS_SensorInit
                0x00005138      0x13c ./Sources/TSS/TSS_Sensor.o
                0x00005138                TSS_SensorInit
 .text.main     0x00005274       0x14 ./Sources/main.o
                0x00005274                main
 .text.Cpu_OnNMIINT
                0x00005288        0x8 ./Sources/Events.o
                0x00005288                Cpu_OnNMIINT
 .text.TSS1_fOnFault
                0x00005290       0x3c ./Sources/Events.o
                0x00005290                TSS1_fOnFault
 .text.TSS1_fOnInit
                0x000052cc        0xc ./Sources/Events.o
                0x000052cc                TSS1_fOnInit
 .text.TSS1_fCallBack0
                0x000052d8       0xbc ./Sources/Events.o
                0x000052d8                TSS1_fCallBack0
 .text.printf   0x00005394       0x28 C:/Freescale/CW MCU v11.1/MCU/ARM_GCC_Support/ewl/lib/armv6-m\libc.a(printf.o)
                0x00005394                printf
 .text.exit     0x000053bc       0x38 C:/Freescale/CW MCU v11.1/MCU/ARM_GCC_Support/ewl/lib/armv6-m\libc.a(exit.o)
                0x000053bc                exit
 .text.memset   0x000053f4        0xc C:/Freescale/CW MCU v11.1/MCU/ARM_GCC_Support/ewl/lib/armv6-m\libc.a(memset.o)
                0x000053f4                memset
 .text.__fill_mem
                0x00005400       0x7e C:/Freescale/CW MCU v11.1/MCU/ARM_GCC_Support/ewl/lib/armv6-m\libc.a(__filll_mem.o)
                0x00005400                __fill_mem
 *fill*         0x0000547e        0x2 00
 .text.long2str.isra.0
                0x00005480      0x19c C:/Freescale/CW MCU v11.1/MCU/ARM_GCC_Support/ewl/lib/armv6-m\libc.a(printformat_.o)
 .text.__pformatter_
                0x0000561c      0x428 C:/Freescale/CW MCU v11.1/MCU/ARM_GCC_Support/ewl/lib/armv6-m\libc.a(printformat_.o)
                0x0000561c                __pformatter_
 .text.__sformatter
                0x00005a44      0x698 C:/Freescale/CW MCU v11.1/MCU/ARM_GCC_Support/ewl/lib/armv6-m\libc.a(scanformat_.o)
                0x00005a44                __sformatter
 .text.isalpha  0x000060dc       0x20 C:/Freescale/CW MCU v11.1/MCU/ARM_GCC_Support/ewl/lib/armv6-m\libc.a(ctype_aeabi.o)
                0x000060dc                isalpha
 .text.isspace  0x000060fc       0x20 C:/Freescale/CW MCU v11.1/MCU/ARM_GCC_Support/ewl/lib/armv6-m\libc.a(ctype_aeabi.o)
                0x000060fc                isspace
 .text.toupper  0x0000611c        0xe C:/Freescale/CW MCU v11.1/MCU/ARM_GCC_Support/ewl/lib/armv6-m\libc.a(ctype_aeabi.o)
                0x0000611c                toupper
 .text.__fwrite
                0x0000612a      0x160 C:/Freescale/CW MCU v11.1/MCU/ARM_GCC_Support/ewl/lib/armv6-m\libc.a(fwrite.o)
                0x0000612a                __fwrite
 .text.__FileWrite
                0x0000628a       0x1c C:/Freescale/CW MCU v11.1/MCU/ARM_GCC_Support/ewl/lib/armv6-m\libc.a(fwrite.o)
                0x0000628a                __FileWrite
 .text.__prep_buffer
                0x000062a6       0x14 C:/Freescale/CW MCU v11.1/MCU/ARM_GCC_Support/ewl/lib/armv6-m\libc.a(__buffer_io.o)
                0x000062a6                __prep_buffer
 .text.__flush_buffer
                0x000062ba       0x38 C:/Freescale/CW MCU v11.1/MCU/ARM_GCC_Support/ewl/lib/armv6-m\libc.a(__buffer_io.o)
                0x000062ba                __flush_buffer
 .text.__strtoul
                0x000062f2      0x1ce C:/Freescale/CW MCU v11.1/MCU/ARM_GCC_Support/ewl/lib/armv6-m\libc.a(__strtoul.o)
                0x000062f2                __strtoul
 .text.strchr   0x000064c0       0x1e C:/Freescale/CW MCU v11.1/MCU/ARM_GCC_Support/ewl/lib/armv6-m\libc.a(strchr.o)
                0x000064c0                strchr
 .text.memcpy   0x000064de       0x12 C:/Freescale/CW MCU v11.1/MCU/ARM_GCC_Support/ewl/lib/armv6-m\libc.a(memcpy.o)
                0x000064de                memcpy
 .text.strlen   0x000064f0       0x10 C:/Freescale/CW MCU v11.1/MCU/ARM_GCC_Support/ewl/lib/armv6-m\libc.a(strlen.o)
                0x000064f0                strlen
 .text.__memrchr
                0x00006500       0x1e C:/Freescale/CW MCU v11.1/MCU/ARM_GCC_Support/ewl/lib/armv6-m\libc.a(__memrchr.o)
                0x00006500                __memrchr
 .text.memchr   0x0000651e       0x1a C:/Freescale/CW MCU v11.1/MCU/ARM_GCC_Support/ewl/lib/armv6-m\libc.a(memchr.o)
                0x0000651e                memchr
 .text.__init_cpp
                0x00006538       0x48 C:/Freescale/CW MCU v11.1/MCU/ARM_GCC_Support/ewl/lib/armv6-m\librt.a(gcc_ctor_dtor.o)
                0x00006538                __init_cpp
 .text.__fini_cpp
                0x00006580       0x34 C:/Freescale/CW MCU v11.1/MCU/ARM_GCC_Support/ewl/lib/armv6-m\librt.a(gcc_ctor_dtor.o)
                0x00006580                __fini_cpp
 .text.__destroy_global_chain
                0x000065b4       0x1c C:/Freescale/CW MCU v11.1/MCU/ARM_GCC_Support/ewl/lib/armv6-m\librt.a(__arm_eabi_init.o)
                0x000065b4                __destroy_global_chain
 .text.__init_registers
                0x000065d0       0x1c C:/Freescale/CW MCU v11.1/MCU/ARM_GCC_Support/ewl/lib/armv6-m\librt.a(__arm_eabi_init.o)
                0x000065d0                __init_registers
 .text.__init_user
                0x000065ec        0x4 C:/Freescale/CW MCU v11.1/MCU/ARM_GCC_Support/ewl/lib/armv6-m\librt.a(__arm_eabi_init.o)
                0x000065ec                __init_user
 .text.__copy_rom_section
                0x000065f0       0x48 C:/Freescale/CW MCU v11.1/MCU/ARM_GCC_Support/ewl/lib/armv6-m\librt.a(ROMCopy.o)
                0x000065f0                __copy_rom_section
 .text.__copy_rom_sections_to_ram
                0x00006638       0x34 C:/Freescale/CW MCU v11.1/MCU/ARM_GCC_Support/ewl/lib/armv6-m\librt.a(ROMCopy.o)
                0x00006638                __copy_rom_sections_to_ram
 *(.rodata)
 .rodata        0x0000666c        0x8 ./Sources/Events.o
 .rodata        0x00006674       0x40 c:/freescale/cw mcu v11.1/cross_tools/arm-none-eabi-gcc-4_7_3/bin/../lib/gcc/arm-none-eabi/4.7.3/armv6-m\libgcc.a(mulsf3.o)
 *(.rodata*)
 .rodata.ChannelDevice
                0x000066b4        0x4 ./Generated_Code/TU1.o
 .rodata.ChannelMode
                0x000066b8        0x4 ./Generated_Code/TU1.o
 .rodata.TSS_C0_STRUCTURE_CONTEXT
                0x000066bc       0x14 ./Sources/TSS/TSS_SystemSetupData.o
                0x000066bc                TSS_C0_STRUCTURE_CONTEXT
 .rodata.tss_faCallback
                0x000066d0        0x4 ./Sources/TSS/TSS_SystemSetupData.o
                0x000066d0                tss_faCallback
 .rodata.tss_acpsDecContext
                0x000066d4        0x4 ./Sources/TSS/TSS_SystemSetupData.o
                0x000066d4                tss_acpsDecContext
 .rodata.tss_acpsCSStructs
                0x000066d8        0x4 ./Sources/TSS/TSS_SystemSetupData.o
                0x000066d8                tss_acpsCSStructs
 .rodata.tss_cau8CntrlElecBound
                0x000066dc        0x4 ./Sources/TSS/TSS_SystemSetupData.o
                0x000066dc                tss_cau8CntrlElecBound
 .rodata.tss_faDecoders
                0x000066e0        0x4 ./Sources/TSS/TSS_SystemSetupData.o
                0x000066e0                tss_faDecoders
 .rodata.tss_fExecuteDecoders
                0x000066e4        0x4 ./Sources/TSS/TSS_SystemSetupData.o
                0x000066e4                tss_fExecuteDecoders
 .rodata.tss_fKeyDetectorDetectDecoder
                0x000066e8        0x4 ./Sources/TSS/TSS_SystemSetupData.o
                0x000066e8                tss_fKeyDetectorDetectDecoder
 .rodata.tss_fDecoderDataInit
                0x000066ec        0x4 ./Sources/TSS/TSS_SystemSetupData.o
                0x000066ec                tss_fDecoderDataInit
 .rodata.tss_cu8NumElecs
                0x000066f0        0x1 ./Sources/TSS/TSS_SystemSetupData.o
                0x000066f0                tss_cu8NumElecs
 .rodata.tss_cu8NumCtrls
                0x000066f1        0x1 ./Sources/TSS/TSS_SystemSetupData.o
                0x000066f1                tss_cu8NumCtrls
 .rodata.tss_cu8ElecBitFldLn
                0x000066f2        0x1 ./Sources/TSS/TSS_SystemSetupData.o
                0x000066f2                tss_cu8ElecBitFldLn
 .rodata.tss_cu8CtrlBitFldLn
                0x000066f3        0x1 ./Sources/TSS/TSS_SystemSetupData.o
                0x000066f3                tss_cu8CtrlBitFldLn
 .rodata.tss_fCalculateIIRFilter
                0x000066f4        0x4 ./Sources/TSS/TSS_SystemSetupData.o
                0x000066f4                tss_fCalculateIIRFilter
 .rodata.tss_fCalculateShielding
                0x000066f8        0x4 ./Sources/TSS/TSS_SystemSetupData.o
                0x000066f8                tss_fCalculateShielding
 .rodata.tss_fInitPrevCapSample
                0x000066fc        0x4 ./Sources/TSS/TSS_SystemSetupData.o
                0x000066fc                tss_fInitPrevCapSample
 .rodata.tss_fFillDeltaLoglBuffer
                0x00006700        0x4 ./Sources/TSS/TSS_SystemSetupData.o
                0x00006700                tss_fFillDeltaLoglBuffer
 .rodata.tss_fFillSignalLoglBuffer
                0x00006704        0x4 ./Sources/TSS/TSS_SystemSetupData.o
                0x00006704                tss_fFillSignalLoglBuffer
 .rodata.tss_fDataCorruptionCheck
                0x00006708        0x4 ./Sources/TSS/TSS_SystemSetupData.o
                0x00006708                tss_fDataCorruptionCheck
 .rodata.tss_fFmstrCall
                0x0000670c        0x4 ./Sources/TSS/TSS_SystemSetupData.o
                0x0000670c                tss_fFmstrCall
 .rodata.tss_fTriggerConfig
                0x00006710        0x4 ./Sources/TSS/TSS_SystemSetupData.o
                0x00006710                tss_fTriggerConfig
 .rodata.tss_fTriggerControl
                0x00006714        0x4 ./Sources/TSS/TSS_SystemSetupData.o
                0x00006714                tss_fTriggerControl
 .rodata.tss_fLowPowerConfig
                0x00006718        0x4 ./Sources/TSS/TSS_SystemSetupData.o
                0x00006718                tss_fLowPowerConfig
 .rodata.tss_fOnFault
                0x0000671c        0x4 ./Sources/TSS/TSS_SystemSetupData.o
                0x0000671c                tss_fOnFault
 .rodata.tss_fOnInit
                0x00006720        0x4 ./Sources/TSS/TSS_SystemSetupData.o
                0x00006720                tss_fOnInit
 .rodata.tss_cu8APosFilterWeight
                0x00006724        0x1 ./Sources/TSS/TSS_SystemSetupData.o
                0x00006724                tss_cu8APosFilterWeight
 *fill*         0x00006725        0x3 00
 .rodata.tss_fASliderCalculatePosIIRFilter
                0x00006728        0x4 ./Sources/TSS/TSS_SystemSetupData.o
                0x00006728                tss_fASliderCalculatePosIIRFilter
 .rodata.tss_cu8ASliderDelayBufferLength
                0x0000672c        0x1 ./Sources/TSS/TSS_SystemSetupData.o
                0x0000672c                tss_cu8ASliderDelayBufferLength
 *fill*         0x0000672d        0x3 00
 .rodata.tss_fASliderDelayControl
                0x00006730        0x4 ./Sources/TSS/TSS_SystemSetupData.o
                0x00006730                tss_fASliderDelayControl
 .rodata.tss_cu8ASliderTrendBufferLength
                0x00006734        0x1 ./Sources/TSS/TSS_SystemSetupData.o
                0x00006734                tss_cu8ASliderTrendBufferLength
 .rodata.tss_i8ASliderTrendThreshold
                0x00006735        0x1 ./Sources/TSS/TSS_SystemSetupData.o
                0x00006735                tss_i8ASliderTrendThreshold
 *fill*         0x00006736        0x2 00
 .rodata.tss_fASliderTrendThreshold
                0x00006738        0x4 ./Sources/TSS/TSS_SystemSetupData.o
                0x00006738                tss_fASliderTrendThreshold
 .rodata.tss_fASliderTrendControl
                0x0000673c        0x4 ./Sources/TSS/TSS_SystemSetupData.o
                0x0000673c                tss_fASliderTrendControl
 .rodata.tss_fOnProximity
                0x00006740        0x4 ./Sources/TSS/TSS_SystemSetupData.o
                0x00006740                tss_fOnProximity
 .rodata.tss_fProximityConfig
                0x00006744        0x4 ./Sources/TSS/TSS_SystemSetupData.o
                0x00006744                tss_fProximityConfig
 .rodata.tss_fStuckKeyControl
                0x00006748        0x4 ./Sources/TSS/TSS_SystemSetupData.o
                0x00006748                tss_fStuckKeyControl
 .rodata.tss_fResetStuckKeyCounter
                0x0000674c        0x4 ./Sources/TSS/TSS_SystemSetupData.o
                0x0000674c                tss_fResetStuckKeyCounter
 .rodata.tss_fNegativeBaselineDrop
                0x00006750        0x4 ./Sources/TSS/TSS_SystemSetupData.o
                0x00006750                tss_fNegativeBaselineDrop
 .rodata.tss_fKeyDetectorRecalibrationRequest
                0x00006754        0x4 ./Sources/TSS/TSS_SystemSetupData.o
                0x00006754                tss_fKeyDetectorRecalibrationRequest
 .rodata.tss_fSignalDivider
                0x00006758        0x4 ./Sources/TSS/TSS_SystemSetupData.o
                0x00006758                tss_fSignalDivider
 .rodata.tss_fSignalMultiplier
                0x0000675c        0x4 ./Sources/TSS/TSS_SystemSetupData.o
                0x0000675c                tss_fSignalMultiplier
 .rodata.tss_fAutoCalibration
                0x00006760        0x4 ./Sources/TSS/TSS_SystemSetupData.o
                0x00006760                tss_fAutoCalibration
 .rodata.tss_fDeltaNoiseAnalysisBufferControl
                0x00006764        0x4 ./Sources/TSS/TSS_SystemSetupData.o
                0x00006764                tss_fDeltaNoiseAnalysisBufferControl
 .rodata.tss_fDeltaNoiseAnalysisIIRControl
                0x00006768        0x4 ./Sources/TSS/TSS_SystemSetupData.o
                0x00006768                tss_fDeltaNoiseAnalysisIIRControl
 .rodata.tss_u8BaselineInitLength
                0x0000676c        0x1 ./Sources/TSS/TSS_SystemSetupData.o
                0x0000676c                tss_u8BaselineInitLength
 .rodata.tss_u8AutoCalibInitLength
                0x0000676d        0x1 ./Sources/TSS/TSS_SystemSetupData.o
                0x0000676d                tss_u8AutoCalibInitLength
 .rodata.tss_u8DeltaNoiseAnalysisBufferLength
                0x0000676e        0x1 ./Sources/TSS/TSS_SystemSetupData.o
                0x0000676e                tss_u8DeltaNoiseAnalysisBufferLength
 .rodata.tss_i8DeltaNoiseAnalysisIIRWeight1
                0x0000676f        0x1 ./Sources/TSS/TSS_SystemSetupData.o
                0x0000676f                tss_i8DeltaNoiseAnalysisIIRWeight1
 .rodata.tss_i8DeltaNoiseAnalysisIIRWeight2
                0x00006770        0x1 ./Sources/TSS/TSS_SystemSetupData.o
                0x00006770                tss_i8DeltaNoiseAnalysisIIRWeight2
 *fill*         0x00006771        0x3 00
 .rodata.tss_csASCContext
                0x00006774        0x8 ./Sources/TSS/TSS_SystemSetupData.o
                0x00006774                tss_csASCContext
 .rodata.TSS_TSIL0_METHOD_ROMDATA_CONTEXT
                0x0000677c       0x10 ./Sources/TSS/TSS_SensorTSIL.o
                0x0000677c                TSS_TSIL0_METHOD_ROMDATA_CONTEXT
 .rodata.TSS_E0_ROMDATA_CONTEXT
                0x0000678c        0xc ./Sources/TSS/TSS_SensorTSIL.o
                0x0000678c                TSS_E0_ROMDATA_CONTEXT
 .rodata.TSS_E1_ROMDATA_CONTEXT
                0x00006798        0xc ./Sources/TSS/TSS_SensorTSIL.o
                0x00006798                TSS_E1_ROMDATA_CONTEXT
 .rodata.tss_faSampleElectrode
                0x000067a4        0x8 ./Sources/TSS/TSS_Sensor.o
                0x000067a4                tss_faSampleElectrode
 .rodata.tss_acp8ElectrodeROMData
                0x000067ac        0x8 ./Sources/TSS/TSS_Sensor.o
                0x000067ac                tss_acp8ElectrodeROMData
 .rodata.str1.1
                0x000067b4        0x1 C:/Freescale/CW MCU v11.1/MCU/ARM_GCC_Support/ewl/lib/armv6-m\libc.a(printformat_.o)
 .rodata.CSWTCH.20
                0x000067b5        0x5 C:/Freescale/CW MCU v11.1/MCU/ARM_GCC_Support/ewl/lib/armv6-m\libc.a(printformat_.o)
 .rodata.CSWTCH.21
                0x000067ba        0x5 C:/Freescale/CW MCU v11.1/MCU/ARM_GCC_Support/ewl/lib/armv6-m\libc.a(printformat_.o)
 .rodata.__aeabi_ctype_table_C
                0x000067bf      0x101 C:/Freescale/CW MCU v11.1/MCU/ARM_GCC_Support/ewl/lib/armv6-m\libc.a(ctype_aeabi.o)
                0x000067bf                __aeabi_ctype_table_C
 *(.glue_7)
 .glue_7        0x00000000        0x0 linker stubs
 *(.glue_7t)
 .glue_7t       0x00000000        0x0 linker stubs
 *(.eh_frame)
 *(.init)
 *(.fini)
                0x000068c0                . = ALIGN (0x4)
                0x000068c0                _etext = .

.vfp11_veneer   0x000068c0        0x0
 .vfp11_veneer  0x00000000        0x0 linker stubs

.v4_bx          0x000068c0        0x0
 .v4_bx         0x00000000        0x0 linker stubs

.iplt           0x000068c0        0x0
 .iplt          0x00000000        0x0 ./Generated_Code/Vectors.o

.rel.dyn        0x000068c0        0x0
 .rel.iplt      0x00000000        0x0 ./Generated_Code/Vectors.o

.ARM.extab
 *(.ARM.extab* .gnu.linkonce.armextab.*)

.ARM            0x000068c0        0x0
                0x000068c0                __exidx_start = .
 *(.ARM.exidx*)
                0x000068c0                __exidx_end = .

.ctors          0x000068c0        0x0
                0x000068c0                __CTOR_LIST__ = .
 *crtbegin.o(.ctors)
 *(EXCLUDE_FILE(*crtend.o) .ctors)
 *(SORT(.ctors.*))
 *(.ctors)
                0x000068c0                __CTOR_END__ = .

.dtors          0x000068c0        0x0
                0x000068c0                __DTOR_LIST__ = .
 *crtbegin.o(.dtors)
 *(EXCLUDE_FILE(*crtend.o) .dtors)
 *(SORT(.dtors.*))
 *(.dtors)
                0x000068c0                __DTOR_END__ = .

.preinit_array  0x000068c0        0x0
                0x000068c0                PROVIDE (__preinit_array_start, .)
 *(.preinit_array*)
                0x000068c0                PROVIDE (__preinit_array_end, .)

.init_array     0x000068c0        0x0
                0x000068c0                PROVIDE (__init_array_start, .)
 *(SORT(.init_array.*))
 *(.init_array*)
                0x000068c0                PROVIDE (__init_array_end, .)

.fini_array     0x000068c0        0x0
                0x000068c0                PROVIDE (__fini_array_start, .)
 *(SORT(.fini_array.*))
 *(.fini_array*)
                0x000068c0                PROVIDE (__fini_array_end, .)
                0x000068c0                ___ROM_AT = .

.mtb            0x1fffe000        0x0
                0x1fffe000                . = ALIGN (0x8)
                0x1fffe000                _mtb_start = .
 *(.mtb_buf)
                0x1fffe000                . = ALIGN (0x8)
                0x1fffe000                _mtb_end = .

.data           0x1fffe000       0xd8 load address 0x000068c0
                0x1fffe000                . = ALIGN (0x4)
                0x1fffe000                _sdata = .
 *(.data)
 .data          0x1fffe000        0x1 D:/CW/P1/Sources/TSS\libTSS_KXX_M0.a(TSS_KeyDetector.o)
 *(.data*)
 *fill*         0x1fffe001        0x3 00
 .data.TSS1_cKey0
                0x1fffe004        0x8 ./Sources/TSS/TSS_SystemSetupData.o
                0x1fffe004                TSS1_cKey0
 .data.__files  0x1fffe00c       0xcc C:/Freescale/CW MCU v11.1/MCU/ARM_GCC_Support/ewl/lib/armv6-m\libc.a(ansi_files.o)
                0x1fffe00c                __files
                0x1fffe0d8                . = ALIGN (0x4)
                0x1fffe0d8                _edata = .
                0x000000d8                ___data_size = (_edata - _sdata)

.igot.plt       0x1fffe0d8        0x0 load address 0x00006998
 .igot.plt      0x00000000        0x0 ./Generated_Code/Vectors.o
                0x1fffe0d8                . = ALIGN (0x4)

.bss            0x1fffe0d8      0x224 load address 0x00006998
                0x1fffe0d8                __START_BSS = .
                0x1fffe0d8                PROVIDE (__bss_start__, __START_BSS)
 *(.bss)
 .bss           0x1fffe0d8        0x4 D:/CW/P1/Sources/TSS\libTSS_KXX_M0.a(TSS_KeyDetector.o)
 .bss           0x1fffe0dc        0x1 D:/CW/P1/Sources/TSS\libTSS_KXX_M0.a(TSS_Main.o)
 *(.bss*)
 *fill*         0x1fffe0dd        0x3 00
 .bss.DeviceDataPrv__DEFAULT_RTOS_ALLOC
                0x1fffe0e0        0x8 ./Generated_Code/TU1.o
 .bss.DeviceDataPrv__DEFAULT_RTOS_ALLOC
                0x1fffe0e8        0xc ./Generated_Code/PwmLdd1.o
 .bss.PE_LDD_DeviceDataList
                0x1fffe0f4        0xc ./Generated_Code/PE_LDD.o
                0x1fffe0f4                PE_LDD_DeviceDataList
 .bss.DeviceDataPrv__DEFAULT_RTOS_ALLOC
                0x1fffe100       0x18 ./Generated_Code/IO1.o
 .bss.argv      0x1fffe118        0x4 ./Project_Settings/Startup_Code/__arm_start.o
 .bss.TSS_TSIL0_METHOD_RAMDATA_CONTEXT
                0x1fffe11c        0x8 ./Sources/TSS/TSS_SensorTSIL.o
                0x1fffe11c                TSS_TSIL0_METHOD_RAMDATA_CONTEXT
 .bss.tsi_au16Resolution
                0x1fffe124        0x2 ./Sources/TSS/TSS_SensorTSIL.o
 *fill*         0x1fffe126        0x2 00
 .bss.LED_Light
                0x1fffe128        0x4 ./Sources/Events.o
                0x1fffe128                LED_Light
 .bss.SS_Before
                0x1fffe12c        0x4 ./Sources/Events.o
                0x1fffe12c                SS_Before
 .bss.__stdio_exit
                0x1fffe130        0x4 C:/Freescale/CW MCU v11.1/MCU/ARM_GCC_Support/ewl/lib/armv6-m\libc.a(exit.o)
                0x1fffe130                __stdio_exit
 .bss.__console_exit
                0x1fffe134        0x4 C:/Freescale/CW MCU v11.1/MCU/ARM_GCC_Support/ewl/lib/armv6-m\libc.a(exit.o)
                0x1fffe134                __console_exit
 .bss.__global_destructor_chain
                0x1fffe138        0x4 C:/Freescale/CW MCU v11.1/MCU/ARM_GCC_Support/ewl/lib/armv6-m\librt.a(__arm_eabi_init.o)
                0x1fffe138                __global_destructor_chain
 .bss.__S_romp  0x1fffe13c        0xc C:/Freescale/CW MCU v11.1/MCU/ARM_GCC_Support/ewl/lib/armv6-m\librt.a(ROMCopy.o)
 *(COMMON)
 COMMON         0x1fffe148       0xbe ./Sources/TSS/TSS_SystemSetupData.o
                0x1fffe148                tss_au8StuckCount
                0x1fffe14a                tss_u8ConfCheckSum
                0x1fffe14c                tss_au8Sensitivity
                0x1fffe150                tss_ai8DeltaAmplitude
                0x1fffe154                tss_CSSys
                0x1fffe164                tss_cau8SignalMultiplier
                0x1fffe168                tss_ai8MaxDeltaAmplitude
                0x1fffe16c                tss_asDeltaNoiseAnalysisBufferData
                0x1fffe170                tss_cau8SignalDivider
                0x1fffe174                tss_ai8InstantDelta
                0x1fffe178                tss_au8ControlIdleState
                0x1fffe17c                TSS_C0_DELAY_BUFFER
                0x1fffe180                tss_au16PrevCapSample
                0x1fffe184                TSS_C0_TREND_BUFFER
                0x1fffe1a4                tss_ai8DeltaNoiseAnalysisBuffer
                0x1fffe1a8                tss_au8ControlScheduleCount
                0x1fffe1ac                TSS_C0_TREND_CONTEXT
                0x1fffe1b0                tss_au8TouchCount
                0x1fffe1b4                tss_au8ElectrodeMeasured
                0x1fffe1b8                tss_au16InstantSignal
                0x1fffe1bc                tss_ai8CalPrevDelta
                0x1fffe1c0                tss_au8DebounceCount
                0x1fffe1c4                tss_au8ElectrodeStatus
                0x1fffe1c8                tss_au8ControlIdleCounter
                0x1fffe1cc                tss_ai8NoiseAmplitude
                0x1fffe1d0                tss_asDeltaNoiseAnalysisIIRData
                0x1fffe1dc                tss_asAutoCalibrationData
                0x1fffe1e4                tss_au8ElecState
                0x1fffe1e8                TSS_C0_DELAY_CONTEXT
                0x1fffe1ec                tss_au8ElectrodeEnablers
                0x1fffe1f0                TSS_C0_POSFILTER_CONTEXT
                0x1fffe1f4                tss_au16ElecBaseline
                0x1fffe1f8                tss_au16ControlBuffers
                0x1fffe1fc                tss_cau8ShieldPairs
                0x1fffe200                tss_apsControlPrivateData
                0x1fffe204                tss_au8ReleaseCount
 *fill*         0x1fffe206        0x2 00
 COMMON         0x1fffe208       0x20 ./Sources/TSS/TSS_SensorTSIL.o
                0x1fffe208                TSS_TSIL0_CHANNEL_COUNTER_BUFFER
 COMMON         0x1fffe228       0x10 ./Sources/TSS/TSS_Sensor.o
                0x1fffe228                tss_u8SampleIntFlag
                0x1fffe22c                tss_psElectrodeTimertAdr
                0x1fffe230                tss_u8ElectrodeBitNum
                0x1fffe234                tss_psElectrodeRGPIOAdr
 COMMON         0x1fffe238        0x2 D:/CW/P1/Sources/TSS\libTSS_KXX_M0.a(TSS_KeyDetector.o)
                0x1fffe238                tss_u16CapSample
 COMMON         0x1fffe23a       0xc0 C:/Freescale/CW MCU v11.1/MCU/ARM_GCC_Support/ewl/lib/armv6-m\libc.a(ansi_files.o)
                0x1fffe23a                stdout_buff
                0x1fffe27a                stdin_buff
                0x1fffe2ba                stderr_buff
                0x1fffe2fc                . = ALIGN (0x4)
 *fill*         0x1fffe2fa        0x2 00
                0x1fffe2fc                __END_BSS = .
                0x1fffe2fc                PROVIDE (__bss_end__, __END_BSS)
                0x00006998                _romp_at = (___ROM_AT + SIZEOF (.data))

.romp           0x1fffe2fc       0x18 load address 0x00006998
                0x00006998                __S_romp = _romp_at
                0x1fffe2fc        0x4 LONG 0x68c0 ___ROM_AT
                0x1fffe300        0x4 LONG 0x1fffe000 _sdata
                0x1fffe304        0x4 LONG 0xd8 ___data_size
                0x1fffe308        0x4 LONG 0x0
                0x1fffe30c        0x4 LONG 0x0
                0x1fffe310        0x4 LONG 0x0

._user_heap_stack
                0x1fffe314      0x400 load address 0x000069b0
                0x1fffe314                . = ALIGN (0x4)
                0x1fffe314                PROVIDE (end, .)
                0x1fffe314                PROVIDE (_end, .)
                0x1fffe314                __heap_addr = .
                0x1fffe314                . = (. + __heap_size)
                0x1fffe714                . = (. + __stack_size)
 *fill*         0x1fffe314      0x400 00
                0x1fffe714                . = ALIGN (0x4)

.ARM.attributes
                0x00000000       0x31
 *(.ARM.attributes)
 .ARM.attributes
                0x00000000       0x31 ./Generated_Code/Vectors.o
 .ARM.attributes
                0x00000031       0x31 ./Generated_Code/TU1.o
 .ARM.attributes
                0x00000062       0x31 ./Generated_Code/TSS1.o
 .ARM.attributes
                0x00000093       0x31 ./Generated_Code/PwmLdd1.o
 .ARM.attributes
                0x000000c4       0x31 ./Generated_Code/PE_LDD.o
 .ARM.attributes
                0x000000f5       0x31 ./Generated_Code/IO1.o
 .ARM.attributes
                0x00000126       0x31 ./Generated_Code/Cpu.o
 .ARM.attributes
                0x00000157       0x31 ./Generated_Code/Console.o
 .ARM.attributes
                0x00000188       0x31 ./Project_Settings/Startup_Code/__arm_start.o
 .ARM.attributes
                0x000001b9       0x31 ./Project_Settings/Startup_Code/__arm_end.o
 .ARM.attributes
                0x000001ea       0x31 ./Sources/TSS/TSS_SystemSetupData.o
 .ARM.attributes
                0x0000021b       0x31 ./Sources/TSS/TSS_SensorTSIL.o
 .ARM.attributes
                0x0000024c       0x31 ./Sources/TSS/TSS_Sensor.o
 .ARM.attributes
                0x0000027d       0x31 ./Sources/main.o
 .ARM.attributes
                0x000002ae       0x31 ./Sources/Events.o
 .ARM.attributes
                0x000002df       0x31 D:/CW/P1/Sources/TSS\libTSS_KXX_M0.a(TSS_ASliderDecoder.o)
 .ARM.attributes
                0x00000310       0x31 D:/CW/P1/Sources/TSS\libTSS_KXX_M0.a(TSS_Filters.o)
 .ARM.attributes
                0x00000341       0x31 D:/CW/P1/Sources/TSS\libTSS_KXX_M0.a(TSS_KeyDetector.o)
 .ARM.attributes
                0x00000372       0x31 D:/CW/P1/Sources/TSS\libTSS_KXX_M0.a(TSS_Main.o)
 .ARM.attributes
                0x000003a3       0x31 C:/Freescale/CW MCU v11.1/MCU/ARM_GCC_Support/ewl/lib/armv6-m\libc.a(printf.o)
 .ARM.attributes
                0x000003d4       0x31 C:/Freescale/CW MCU v11.1/MCU/ARM_GCC_Support/ewl/lib/armv6-m\libc.a(exit.o)
 .ARM.attributes
                0x00000405       0x31 C:/Freescale/CW MCU v11.1/MCU/ARM_GCC_Support/ewl/lib/armv6-m\libc.a(memset.o)
 .ARM.attributes
                0x00000436       0x31 C:/Freescale/CW MCU v11.1/MCU/ARM_GCC_Support/ewl/lib/armv6-m\libc.a(__filll_mem.o)
 .ARM.attributes
                0x00000467       0x31 C:/Freescale/CW MCU v11.1/MCU/ARM_GCC_Support/ewl/lib/armv6-m\libc.a(printformat_.o)
 .ARM.attributes
                0x00000498       0x31 C:/Freescale/CW MCU v11.1/MCU/ARM_GCC_Support/ewl/lib/armv6-m\libc.a(scanformat_.o)
 .ARM.attributes
                0x000004c9       0x31 C:/Freescale/CW MCU v11.1/MCU/ARM_GCC_Support/ewl/lib/armv6-m\libc.a(ctype_aeabi.o)
 .ARM.attributes
                0x000004fa       0x31 C:/Freescale/CW MCU v11.1/MCU/ARM_GCC_Support/ewl/lib/armv6-m\libc.a(fwrite.o)
 .ARM.attributes
                0x0000052b       0x31 C:/Freescale/CW MCU v11.1/MCU/ARM_GCC_Support/ewl/lib/armv6-m\libc.a(ansi_files.o)
 .ARM.attributes
                0x0000055c       0x31 C:/Freescale/CW MCU v11.1/MCU/ARM_GCC_Support/ewl/lib/armv6-m\libc.a(__buffer_io.o)
 .ARM.attributes
                0x0000058d       0x31 C:/Freescale/CW MCU v11.1/MCU/ARM_GCC_Support/ewl/lib/armv6-m\libc.a(__strtoul.o)
 .ARM.attributes
                0x000005be       0x31 C:/Freescale/CW MCU v11.1/MCU/ARM_GCC_Support/ewl/lib/armv6-m\libc.a(strchr.o)
 .ARM.attributes
                0x000005ef       0x31 C:/Freescale/CW MCU v11.1/MCU/ARM_GCC_Support/ewl/lib/armv6-m\libc.a(memcpy.o)
 .ARM.attributes
                0x00000620       0x31 C:/Freescale/CW MCU v11.1/MCU/ARM_GCC_Support/ewl/lib/armv6-m\libc.a(strlen.o)
 .ARM.attributes
                0x00000651       0x31 C:/Freescale/CW MCU v11.1/MCU/ARM_GCC_Support/ewl/lib/armv6-m\libc.a(__memrchr.o)
 .ARM.attributes
                0x00000682       0x31 C:/Freescale/CW MCU v11.1/MCU/ARM_GCC_Support/ewl/lib/armv6-m\libc.a(memchr.o)
 .ARM.attributes
                0x000006b3       0x1e c:/freescale/cw mcu v11.1/cross_tools/arm-none-eabi-gcc-4_7_3/bin/../lib/gcc/arm-none-eabi/4.7.3/armv6-m\libgcc.a(_thumb1_case_sqi.o)
 .ARM.attributes
                0x000006d1       0x1e c:/freescale/cw mcu v11.1/cross_tools/arm-none-eabi-gcc-4_7_3/bin/../lib/gcc/arm-none-eabi/4.7.3/armv6-m\libgcc.a(_thumb1_case_uqi.o)
 .ARM.attributes
                0x000006ef       0x1e c:/freescale/cw mcu v11.1/cross_tools/arm-none-eabi-gcc-4_7_3/bin/../lib/gcc/arm-none-eabi/4.7.3/armv6-m\libgcc.a(_udivsi3.o)
 .ARM.attributes
                0x0000070d       0x1e c:/freescale/cw mcu v11.1/cross_tools/arm-none-eabi-gcc-4_7_3/bin/../lib/gcc/arm-none-eabi/4.7.3/armv6-m\libgcc.a(_divsi3.o)
 .ARM.attributes
                0x0000072b       0x1e c:/freescale/cw mcu v11.1/cross_tools/arm-none-eabi-gcc-4_7_3/bin/../lib/gcc/arm-none-eabi/4.7.3/armv6-m\libgcc.a(_dvmd_tls.o)
 .ARM.attributes
                0x00000749       0x1e c:/freescale/cw mcu v11.1/cross_tools/arm-none-eabi-gcc-4_7_3/bin/../lib/gcc/arm-none-eabi/4.7.3/armv6-m\libgcc.a(_arm_cmpsf2.o)
 .ARM.attributes
                0x00000767       0x2c c:/freescale/cw mcu v11.1/cross_tools/arm-none-eabi-gcc-4_7_3/bin/../lib/gcc/arm-none-eabi/4.7.3/armv6-m\libgcc.a(_fixunssfsi.o)
 .ARM.attributes
                0x00000793       0x2c c:/freescale/cw mcu v11.1/cross_tools/arm-none-eabi-gcc-4_7_3/bin/../lib/gcc/arm-none-eabi/4.7.3/armv6-m\libgcc.a(eqsf2.o)
 .ARM.attributes
                0x000007bf       0x2c c:/freescale/cw mcu v11.1/cross_tools/arm-none-eabi-gcc-4_7_3/bin/../lib/gcc/arm-none-eabi/4.7.3/armv6-m\libgcc.a(gesf2.o)
 .ARM.attributes
                0x000007eb       0x2c c:/freescale/cw mcu v11.1/cross_tools/arm-none-eabi-gcc-4_7_3/bin/../lib/gcc/arm-none-eabi/4.7.3/armv6-m\libgcc.a(lesf2.o)
 .ARM.attributes
                0x00000817       0x2c c:/freescale/cw mcu v11.1/cross_tools/arm-none-eabi-gcc-4_7_3/bin/../lib/gcc/arm-none-eabi/4.7.3/armv6-m\libgcc.a(mulsf3.o)
 .ARM.attributes
                0x00000843       0x2c c:/freescale/cw mcu v11.1/cross_tools/arm-none-eabi-gcc-4_7_3/bin/../lib/gcc/arm-none-eabi/4.7.3/armv6-m\libgcc.a(subsf3.o)
 .ARM.attributes
                0x0000086f       0x2c c:/freescale/cw mcu v11.1/cross_tools/arm-none-eabi-gcc-4_7_3/bin/../lib/gcc/arm-none-eabi/4.7.3/armv6-m\libgcc.a(fixsfsi.o)
 .ARM.attributes
                0x0000089b       0x2c c:/freescale/cw mcu v11.1/cross_tools/arm-none-eabi-gcc-4_7_3/bin/../lib/gcc/arm-none-eabi/4.7.3/armv6-m\libgcc.a(floatsisf.o)
 .ARM.attributes
                0x000008c7       0x1e c:/freescale/cw mcu v11.1/cross_tools/arm-none-eabi-gcc-4_7_3/bin/../lib/gcc/arm-none-eabi/4.7.3/armv6-m\libgcc.a(_clzsi2.o)
 .ARM.attributes
                0x000008e5       0x31 C:/Freescale/CW MCU v11.1/MCU/ARM_GCC_Support/ewl/lib/armv6-m\librt.a(gcc_ctor_dtor.o)
 .ARM.attributes
                0x00000916       0x31 C:/Freescale/CW MCU v11.1/MCU/ARM_GCC_Support/ewl/lib/armv6-m\librt.a(__arm_eabi_init.o)
 .ARM.attributes
                0x00000947       0x31 C:/Freescale/CW MCU v11.1/MCU/ARM_GCC_Support/ewl/lib/armv6-m\librt.a(ROMCopy.o)
OUTPUT(P1.elf elf32-littlearm)

.debug_info     0x00000000     0x8266
 .debug_info    0x00000000      0x10b ./Generated_Code/Vectors.o
 .debug_info    0x0000010b      0x6f1 ./Generated_Code/TU1.o
 .debug_info    0x000007fc      0x666 ./Generated_Code/TSS1.o
 .debug_info    0x00000e62      0x2cc ./Generated_Code/PwmLdd1.o
 .debug_info    0x0000112e      0x255 ./Generated_Code/PE_LDD.o
 .debug_info    0x00001383      0x5d9 ./Generated_Code/IO1.o
 .debug_info    0x0000195c      0x8e8 ./Generated_Code/Cpu.o
 .debug_info    0x00002244      0x266 ./Generated_Code/Console.o
 .debug_info    0x000024aa      0x12a ./Project_Settings/Startup_Code/__arm_start.o
 .debug_info    0x000025d4       0x54 ./Project_Settings/Startup_Code/__arm_end.o
 .debug_info    0x00002628     0x111c ./Sources/TSS/TSS_SystemSetupData.o
 .debug_info    0x00003744      0xf7e ./Sources/TSS/TSS_SensorTSIL.o
 .debug_info    0x000046c2      0x4e5 ./Sources/TSS/TSS_Sensor.o
 .debug_info    0x00004ba7       0x96 ./Sources/main.o
 .debug_info    0x00004c3d      0x63a ./Sources/Events.o
 .debug_info    0x00005277      0x399 C:/Freescale/CW MCU v11.1/MCU/ARM_GCC_Support/ewl/lib/armv6-m\libc.a(printf.o)
 .debug_info    0x00005610       0xe8 C:/Freescale/CW MCU v11.1/MCU/ARM_GCC_Support/ewl/lib/armv6-m\libc.a(exit.o)
 .debug_info    0x000056f8       0xec C:/Freescale/CW MCU v11.1/MCU/ARM_GCC_Support/ewl/lib/armv6-m\libc.a(memset.o)
 .debug_info    0x000057e4      0x137 C:/Freescale/CW MCU v11.1/MCU/ARM_GCC_Support/ewl/lib/armv6-m\libc.a(__filll_mem.o)
 .debug_info    0x0000591b      0x50d C:/Freescale/CW MCU v11.1/MCU/ARM_GCC_Support/ewl/lib/armv6-m\libc.a(printformat_.o)
 .debug_info    0x00005e28      0x568 C:/Freescale/CW MCU v11.1/MCU/ARM_GCC_Support/ewl/lib/armv6-m\libc.a(scanformat_.o)
 .debug_info    0x00006390      0x313 C:/Freescale/CW MCU v11.1/MCU/ARM_GCC_Support/ewl/lib/armv6-m\libc.a(ctype_aeabi.o)
 .debug_info    0x000066a3      0x60d C:/Freescale/CW MCU v11.1/MCU/ARM_GCC_Support/ewl/lib/armv6-m\libc.a(fwrite.o)
 .debug_info    0x00006cb0      0x4be C:/Freescale/CW MCU v11.1/MCU/ARM_GCC_Support/ewl/lib/armv6-m\libc.a(ansi_files.o)
 .debug_info    0x0000716e      0x45d C:/Freescale/CW MCU v11.1/MCU/ARM_GCC_Support/ewl/lib/armv6-m\libc.a(__buffer_io.o)
 .debug_info    0x000075cb      0x1d6 C:/Freescale/CW MCU v11.1/MCU/ARM_GCC_Support/ewl/lib/armv6-m\libc.a(__strtoul.o)
 .debug_info    0x000077a1      0x10b C:/Freescale/CW MCU v11.1/MCU/ARM_GCC_Support/ewl/lib/armv6-m\libc.a(strchr.o)
 .debug_info    0x000078ac      0x10f C:/Freescale/CW MCU v11.1/MCU/ARM_GCC_Support/ewl/lib/armv6-m\libc.a(memcpy.o)
 .debug_info    0x000079bb       0xea C:/Freescale/CW MCU v11.1/MCU/ARM_GCC_Support/ewl/lib/armv6-m\libc.a(strlen.o)
 .debug_info    0x00007aa5      0x116 C:/Freescale/CW MCU v11.1/MCU/ARM_GCC_Support/ewl/lib/armv6-m\libc.a(__memrchr.o)
 .debug_info    0x00007bbb      0x121 C:/Freescale/CW MCU v11.1/MCU/ARM_GCC_Support/ewl/lib/armv6-m\libc.a(memchr.o)
 .debug_info    0x00007cdc      0x136 C:/Freescale/CW MCU v11.1/MCU/ARM_GCC_Support/ewl/lib/armv6-m\librt.a(gcc_ctor_dtor.o)
 .debug_info    0x00007e12      0x2b9 C:/Freescale/CW MCU v11.1/MCU/ARM_GCC_Support/ewl/lib/armv6-m\librt.a(__arm_eabi_init.o)
 .debug_info    0x000080cb      0x19b C:/Freescale/CW MCU v11.1/MCU/ARM_GCC_Support/ewl/lib/armv6-m\librt.a(ROMCopy.o)

.debug_abbrev   0x00000000     0x20a5
 .debug_abbrev  0x00000000       0xa3 ./Generated_Code/Vectors.o
 .debug_abbrev  0x000000a3      0x17e ./Generated_Code/TU1.o
 .debug_abbrev  0x00000221      0x145 ./Generated_Code/TSS1.o
 .debug_abbrev  0x00000366      0x114 ./Generated_Code/PwmLdd1.o
 .debug_abbrev  0x0000047a      0x102 ./Generated_Code/PE_LDD.o
 .debug_abbrev  0x0000057c      0x167 ./Generated_Code/IO1.o
 .debug_abbrev  0x000006e3      0x122 ./Generated_Code/Cpu.o
 .debug_abbrev  0x00000805       0xd6 ./Generated_Code/Console.o
 .debug_abbrev  0x000008db       0x92 ./Project_Settings/Startup_Code/__arm_start.o
 .debug_abbrev  0x0000096d       0x4c ./Project_Settings/Startup_Code/__arm_end.o
 .debug_abbrev  0x000009b9      0x12b ./Sources/TSS/TSS_SystemSetupData.o
 .debug_abbrev  0x00000ae4      0x1ba ./Sources/TSS/TSS_SensorTSIL.o
 .debug_abbrev  0x00000c9e      0x115 ./Sources/TSS/TSS_Sensor.o
 .debug_abbrev  0x00000db3       0x3f ./Sources/main.o
 .debug_abbrev  0x00000df2      0x136 ./Sources/Events.o
 .debug_abbrev  0x00000f28      0x107 C:/Freescale/CW MCU v11.1/MCU/ARM_GCC_Support/ewl/lib/armv6-m\libc.a(printf.o)
 .debug_abbrev  0x0000102f       0x7a C:/Freescale/CW MCU v11.1/MCU/ARM_GCC_Support/ewl/lib/armv6-m\libc.a(exit.o)
 .debug_abbrev  0x000010a9       0x62 C:/Freescale/CW MCU v11.1/MCU/ARM_GCC_Support/ewl/lib/armv6-m\libc.a(memset.o)
 .debug_abbrev  0x0000110b       0x78 C:/Freescale/CW MCU v11.1/MCU/ARM_GCC_Support/ewl/lib/armv6-m\libc.a(__filll_mem.o)
 .debug_abbrev  0x00001183      0x200 C:/Freescale/CW MCU v11.1/MCU/ARM_GCC_Support/ewl/lib/armv6-m\libc.a(printformat_.o)
 .debug_abbrev  0x00001383      0x1f0 C:/Freescale/CW MCU v11.1/MCU/ARM_GCC_Support/ewl/lib/armv6-m\libc.a(scanformat_.o)
 .debug_abbrev  0x00001573       0x9e C:/Freescale/CW MCU v11.1/MCU/ARM_GCC_Support/ewl/lib/armv6-m\libc.a(ctype_aeabi.o)
 .debug_abbrev  0x00001611      0x16a C:/Freescale/CW MCU v11.1/MCU/ARM_GCC_Support/ewl/lib/armv6-m\libc.a(fwrite.o)
 .debug_abbrev  0x0000177b      0x107 C:/Freescale/CW MCU v11.1/MCU/ARM_GCC_Support/ewl/lib/armv6-m\libc.a(ansi_files.o)
 .debug_abbrev  0x00001882      0x142 C:/Freescale/CW MCU v11.1/MCU/ARM_GCC_Support/ewl/lib/armv6-m\libc.a(__buffer_io.o)
 .debug_abbrev  0x000019c4       0xc2 C:/Freescale/CW MCU v11.1/MCU/ARM_GCC_Support/ewl/lib/armv6-m\libc.a(__strtoul.o)
 .debug_abbrev  0x00001a86       0x7a C:/Freescale/CW MCU v11.1/MCU/ARM_GCC_Support/ewl/lib/armv6-m\libc.a(strchr.o)
 .debug_abbrev  0x00001b00       0x95 C:/Freescale/CW MCU v11.1/MCU/ARM_GCC_Support/ewl/lib/armv6-m\libc.a(memcpy.o)
 .debug_abbrev  0x00001b95       0x7a C:/Freescale/CW MCU v11.1/MCU/ARM_GCC_Support/ewl/lib/armv6-m\libc.a(strlen.o)
 .debug_abbrev  0x00001c0f       0x95 C:/Freescale/CW MCU v11.1/MCU/ARM_GCC_Support/ewl/lib/armv6-m\libc.a(__memrchr.o)
 .debug_abbrev  0x00001ca4       0x95 C:/Freescale/CW MCU v11.1/MCU/ARM_GCC_Support/ewl/lib/armv6-m\libc.a(memchr.o)
 .debug_abbrev  0x00001d39       0x99 C:/Freescale/CW MCU v11.1/MCU/ARM_GCC_Support/ewl/lib/armv6-m\librt.a(gcc_ctor_dtor.o)
 .debug_abbrev  0x00001dd2      0x1b3 C:/Freescale/CW MCU v11.1/MCU/ARM_GCC_Support/ewl/lib/armv6-m\librt.a(__arm_eabi_init.o)
 .debug_abbrev  0x00001f85      0x120 C:/Freescale/CW MCU v11.1/MCU/ARM_GCC_Support/ewl/lib/armv6-m\librt.a(ROMCopy.o)

.debug_aranges  0x00000000      0x650
 .debug_aranges
                0x00000000       0x18 ./Generated_Code/Vectors.o
 .debug_aranges
                0x00000018       0x48 ./Generated_Code/TU1.o
 .debug_aranges
                0x00000060       0x28 ./Generated_Code/TSS1.o
 .debug_aranges
                0x00000088       0x40 ./Generated_Code/PwmLdd1.o
 .debug_aranges
                0x000000c8       0x30 ./Generated_Code/PE_LDD.o
 .debug_aranges
                0x000000f8       0x38 ./Generated_Code/IO1.o
 .debug_aranges
                0x00000130       0x38 ./Generated_Code/Cpu.o
 .debug_aranges
                0x00000168       0x30 ./Generated_Code/Console.o
 .debug_aranges
                0x00000198       0x30 ./Project_Settings/Startup_Code/__arm_start.o
 .debug_aranges
                0x000001c8       0x20 ./Project_Settings/Startup_Code/__arm_end.o
 .debug_aranges
                0x000001e8       0x20 ./Sources/TSS/TSS_SystemSetupData.o
 .debug_aranges
                0x00000208       0x78 ./Sources/TSS/TSS_SensorTSIL.o
 .debug_aranges
                0x00000280       0x30 ./Sources/TSS/TSS_Sensor.o
 .debug_aranges
                0x000002b0       0x20 ./Sources/main.o
 .debug_aranges
                0x000002d0       0x38 ./Sources/Events.o
 .debug_aranges
                0x00000308       0x20 C:/Freescale/CW MCU v11.1/MCU/ARM_GCC_Support/ewl/lib/armv6-m\libc.a(printf.o)
 .debug_aranges
                0x00000328       0x20 C:/Freescale/CW MCU v11.1/MCU/ARM_GCC_Support/ewl/lib/armv6-m\libc.a(exit.o)
 .debug_aranges
                0x00000348       0x20 C:/Freescale/CW MCU v11.1/MCU/ARM_GCC_Support/ewl/lib/armv6-m\libc.a(memset.o)
 .debug_aranges
                0x00000368       0x20 C:/Freescale/CW MCU v11.1/MCU/ARM_GCC_Support/ewl/lib/armv6-m\libc.a(__filll_mem.o)
 .debug_aranges
                0x00000388       0x28 C:/Freescale/CW MCU v11.1/MCU/ARM_GCC_Support/ewl/lib/armv6-m\libc.a(printformat_.o)
 .debug_aranges
                0x000003b0       0x20 C:/Freescale/CW MCU v11.1/MCU/ARM_GCC_Support/ewl/lib/armv6-m\libc.a(scanformat_.o)
 .debug_aranges
                0x000003d0       0x88 C:/Freescale/CW MCU v11.1/MCU/ARM_GCC_Support/ewl/lib/armv6-m\libc.a(ctype_aeabi.o)
 .debug_aranges
                0x00000458       0x30 C:/Freescale/CW MCU v11.1/MCU/ARM_GCC_Support/ewl/lib/armv6-m\libc.a(fwrite.o)
 .debug_aranges
                0x00000488       0x28 C:/Freescale/CW MCU v11.1/MCU/ARM_GCC_Support/ewl/lib/armv6-m\libc.a(ansi_files.o)
 .debug_aranges
                0x000004b0       0x30 C:/Freescale/CW MCU v11.1/MCU/ARM_GCC_Support/ewl/lib/armv6-m\libc.a(__buffer_io.o)
 .debug_aranges
                0x000004e0       0x20 C:/Freescale/CW MCU v11.1/MCU/ARM_GCC_Support/ewl/lib/armv6-m\libc.a(__strtoul.o)
 .debug_aranges
                0x00000500       0x20 C:/Freescale/CW MCU v11.1/MCU/ARM_GCC_Support/ewl/lib/armv6-m\libc.a(strchr.o)
 .debug_aranges
                0x00000520       0x20 C:/Freescale/CW MCU v11.1/MCU/ARM_GCC_Support/ewl/lib/armv6-m\libc.a(memcpy.o)
 .debug_aranges
                0x00000540       0x20 C:/Freescale/CW MCU v11.1/MCU/ARM_GCC_Support/ewl/lib/armv6-m\libc.a(strlen.o)
 .debug_aranges
                0x00000560       0x20 C:/Freescale/CW MCU v11.1/MCU/ARM_GCC_Support/ewl/lib/armv6-m\libc.a(__memrchr.o)
 .debug_aranges
                0x00000580       0x20 C:/Freescale/CW MCU v11.1/MCU/ARM_GCC_Support/ewl/lib/armv6-m\libc.a(memchr.o)
 .debug_aranges
                0x000005a0       0x28 C:/Freescale/CW MCU v11.1/MCU/ARM_GCC_Support/ewl/lib/armv6-m\librt.a(gcc_ctor_dtor.o)
 .debug_aranges
                0x000005c8       0x58 C:/Freescale/CW MCU v11.1/MCU/ARM_GCC_Support/ewl/lib/armv6-m\librt.a(__arm_eabi_init.o)
 .debug_aranges
                0x00000620       0x30 C:/Freescale/CW MCU v11.1/MCU/ARM_GCC_Support/ewl/lib/armv6-m\librt.a(ROMCopy.o)

.debug_macinfo  0x00000000   0x389e4d
 .debug_macinfo
                0x00000000    0x4781a ./Generated_Code/Vectors.o
 .debug_macinfo
                0x0004781a    0x3bdde ./Generated_Code/TU1.o
 .debug_macinfo
                0x000835f8    0x4780e ./Generated_Code/TSS1.o
 .debug_macinfo
                0x000cae06    0x3bf0c ./Generated_Code/PwmLdd1.o
 .debug_macinfo
                0x00106d12    0x477f2 ./Generated_Code/PE_LDD.o
 .debug_macinfo
                0x0014e504    0x441c7 ./Generated_Code/IO1.o
 .debug_macinfo
                0x001926cb    0x4781a ./Generated_Code/Cpu.o
 .debug_macinfo
                0x001d9ee5    0x36889 ./Generated_Code/Console.o
 .debug_macinfo
                0x0021076e     0x3e6d ./Project_Settings/Startup_Code/__arm_start.o
 .debug_macinfo
                0x002145db     0x3456 ./Project_Settings/Startup_Code/__arm_end.o
 .debug_macinfo
                0x00217a31    0x450dc ./Sources/TSS/TSS_SystemSetupData.o
 .debug_macinfo
                0x0025cb0d    0x4d930 ./Sources/TSS/TSS_SensorTSIL.o
 .debug_macinfo
                0x002aa43d    0x509fc ./Sources/TSS/TSS_Sensor.o
 .debug_macinfo
                0x002fae39    0x4780a ./Sources/main.o
 .debug_macinfo
                0x00342643    0x4780a ./Sources/Events.o

.debug_line     0x00000000     0x4969
 .debug_line    0x00000000      0x47e ./Generated_Code/Vectors.o
 .debug_line    0x0000047e      0x31c ./Generated_Code/TU1.o
 .debug_line    0x0000079a      0x43b ./Generated_Code/TSS1.o
 .debug_line    0x00000bd5      0x2ee ./Generated_Code/PwmLdd1.o
 .debug_line    0x00000ec3      0x446 ./Generated_Code/PE_LDD.o
 .debug_line    0x00001309      0x2e6 ./Generated_Code/IO1.o
 .debug_line    0x000015ef      0x4e8 ./Generated_Code/Cpu.o
 .debug_line    0x00001ad7      0x343 ./Generated_Code/Console.o
 .debug_line    0x00001e1a      0x279 ./Project_Settings/Startup_Code/__arm_start.o
 .debug_line    0x00002093      0x265 ./Project_Settings/Startup_Code/__arm_end.o
 .debug_line    0x000022f8      0x2c5 ./Sources/TSS/TSS_SystemSetupData.o
 .debug_line    0x000025bd      0x500 ./Sources/TSS/TSS_SensorTSIL.o
 .debug_line    0x00002abd      0x322 ./Sources/TSS/TSS_Sensor.o
 .debug_line    0x00002ddf      0x409 ./Sources/main.o
 .debug_line    0x000031e8      0x454 ./Sources/Events.o
 .debug_line    0x0000363c       0xb0 C:/Freescale/CW MCU v11.1/MCU/ARM_GCC_Support/ewl/lib/armv6-m\libc.a(printf.o)
 .debug_line    0x000036ec       0x8d C:/Freescale/CW MCU v11.1/MCU/ARM_GCC_Support/ewl/lib/armv6-m\libc.a(exit.o)
 .debug_line    0x00003779       0x90 C:/Freescale/CW MCU v11.1/MCU/ARM_GCC_Support/ewl/lib/armv6-m\libc.a(memset.o)
 .debug_line    0x00003809       0xf6 C:/Freescale/CW MCU v11.1/MCU/ARM_GCC_Support/ewl/lib/armv6-m\libc.a(__filll_mem.o)
 .debug_line    0x000038ff      0x2c3 C:/Freescale/CW MCU v11.1/MCU/ARM_GCC_Support/ewl/lib/armv6-m\libc.a(printformat_.o)
 .debug_line    0x00003bc2      0x2be C:/Freescale/CW MCU v11.1/MCU/ARM_GCC_Support/ewl/lib/armv6-m\libc.a(scanformat_.o)
 .debug_line    0x00003e80      0x1be C:/Freescale/CW MCU v11.1/MCU/ARM_GCC_Support/ewl/lib/armv6-m\libc.a(ctype_aeabi.o)
 .debug_line    0x0000403e      0x158 C:/Freescale/CW MCU v11.1/MCU/ARM_GCC_Support/ewl/lib/armv6-m\libc.a(fwrite.o)
 .debug_line    0x00004196       0xc0 C:/Freescale/CW MCU v11.1/MCU/ARM_GCC_Support/ewl/lib/armv6-m\libc.a(ansi_files.o)
 .debug_line    0x00004256       0xf0 C:/Freescale/CW MCU v11.1/MCU/ARM_GCC_Support/ewl/lib/armv6-m\libc.a(__buffer_io.o)
 .debug_line    0x00004346      0x11e C:/Freescale/CW MCU v11.1/MCU/ARM_GCC_Support/ewl/lib/armv6-m\libc.a(__strtoul.o)
 .debug_line    0x00004464       0x7d C:/Freescale/CW MCU v11.1/MCU/ARM_GCC_Support/ewl/lib/armv6-m\libc.a(strchr.o)
 .debug_line    0x000044e1       0x8b C:/Freescale/CW MCU v11.1/MCU/ARM_GCC_Support/ewl/lib/armv6-m\libc.a(memcpy.o)
 .debug_line    0x0000456c       0x85 C:/Freescale/CW MCU v11.1/MCU/ARM_GCC_Support/ewl/lib/armv6-m\libc.a(strlen.o)
 .debug_line    0x000045f1       0x99 C:/Freescale/CW MCU v11.1/MCU/ARM_GCC_Support/ewl/lib/armv6-m\libc.a(__memrchr.o)
 .debug_line    0x0000468a       0x9f C:/Freescale/CW MCU v11.1/MCU/ARM_GCC_Support/ewl/lib/armv6-m\libc.a(memchr.o)
 .debug_line    0x00004729       0x6c C:/Freescale/CW MCU v11.1/MCU/ARM_GCC_Support/ewl/lib/armv6-m\librt.a(gcc_ctor_dtor.o)
 .debug_line    0x00004795      0x117 C:/Freescale/CW MCU v11.1/MCU/ARM_GCC_Support/ewl/lib/armv6-m\librt.a(__arm_eabi_init.o)
 .debug_line    0x000048ac       0xbd C:/Freescale/CW MCU v11.1/MCU/ARM_GCC_Support/ewl/lib/armv6-m\librt.a(ROMCopy.o)

.debug_str      0x00000000     0x344b
 .debug_str     0x00000000      0x118 ./Generated_Code/Vectors.o
                                0x157 (size before relaxing)
 .debug_str     0x00000118      0x321 ./Generated_Code/TU1.o
                                0x42f (size before relaxing)
 .debug_str     0x00000439      0x4a3 ./Generated_Code/TSS1.o
                                0x6d8 (size before relaxing)
 .debug_str     0x000008dc       0xc8 ./Generated_Code/PwmLdd1.o
                                0x261 (size before relaxing)
 .debug_str     0x000009a4      0x16b ./Generated_Code/PE_LDD.o
                                0x2ba (size before relaxing)
 .debug_str     0x00000b0f       0xe2 ./Generated_Code/IO1.o
                                0x37d (size before relaxing)
 .debug_str     0x00000bf1      0x1bb ./Generated_Code/Cpu.o
                                0x406 (size before relaxing)
 .debug_str     0x00000dac       0x9d ./Generated_Code/Console.o
                                0x1c3 (size before relaxing)
 .debug_str     0x00000e49       0x85 ./Project_Settings/Startup_Code/__arm_start.o
                                0x178 (size before relaxing)
 .debug_str     0x00000ece       0x41 ./Project_Settings/Startup_Code/__arm_end.o
                                 0xaf (size before relaxing)
 .debug_str     0x00000f0f      0xcd7 ./Sources/TSS/TSS_SystemSetupData.o
                                0xf7b (size before relaxing)
 .debug_str     0x00001be6      0x94f ./Sources/TSS/TSS_SensorTSIL.o
                                0xeda (size before relaxing)
 .debug_str     0x00002535      0x13e ./Sources/TSS/TSS_Sensor.o
                                0x5b7 (size before relaxing)
 .debug_str     0x00002673       0x17 ./Sources/main.o
                                0x110 (size before relaxing)
 .debug_str     0x0000268a       0x7b ./Sources/Events.o
                                0x6ee (size before relaxing)
 .debug_str     0x00002705      0x18b C:/Freescale/CW MCU v11.1/MCU/ARM_GCC_Support/ewl/lib/armv6-m\libc.a(printf.o)
                                0x2e9 (size before relaxing)
 .debug_str     0x00002890       0x2e C:/Freescale/CW MCU v11.1/MCU/ARM_GCC_Support/ewl/lib/armv6-m\libc.a(exit.o)
                                0x157 (size before relaxing)
 .debug_str     0x000028be       0x1c C:/Freescale/CW MCU v11.1/MCU/ARM_GCC_Support/ewl/lib/armv6-m\libc.a(memset.o)
                                0x140 (size before relaxing)
 .debug_str     0x000028da       0x2d C:/Freescale/CW MCU v11.1/MCU/ARM_GCC_Support/ewl/lib/armv6-m\libc.a(__filll_mem.o)
                                0x152 (size before relaxing)
 .debug_str     0x00002907      0x21f C:/Freescale/CW MCU v11.1/MCU/ARM_GCC_Support/ewl/lib/armv6-m\libc.a(printformat_.o)
                                0x3b3 (size before relaxing)
 .debug_str     0x00002b26      0x17b C:/Freescale/CW MCU v11.1/MCU/ARM_GCC_Support/ewl/lib/armv6-m\libc.a(scanformat_.o)
                                0x3f9 (size before relaxing)
 .debug_str     0x00002ca1       0x9d C:/Freescale/CW MCU v11.1/MCU/ARM_GCC_Support/ewl/lib/armv6-m\libc.a(ctype_aeabi.o)
                                0x1bc (size before relaxing)
 .debug_str     0x00002d3e      0x227 C:/Freescale/CW MCU v11.1/MCU/ARM_GCC_Support/ewl/lib/armv6-m\libc.a(fwrite.o)
                                0x53b (size before relaxing)
 .debug_str     0x00002f65       0xc6 C:/Freescale/CW MCU v11.1/MCU/ARM_GCC_Support/ewl/lib/armv6-m\libc.a(ansi_files.o)
                                0x442 (size before relaxing)
 .debug_str     0x0000302b       0x8b C:/Freescale/CW MCU v11.1/MCU/ARM_GCC_Support/ewl/lib/armv6-m\libc.a(__buffer_io.o)
                                0x373 (size before relaxing)
 .debug_str     0x000030b6       0x5b C:/Freescale/CW MCU v11.1/MCU/ARM_GCC_Support/ewl/lib/armv6-m\libc.a(__strtoul.o)
                                0x1fb (size before relaxing)
 .debug_str     0x00003111       0x1c C:/Freescale/CW MCU v11.1/MCU/ARM_GCC_Support/ewl/lib/armv6-m\libc.a(strchr.o)
                                0x137 (size before relaxing)
 .debug_str     0x0000312d       0x1c C:/Freescale/CW MCU v11.1/MCU/ARM_GCC_Support/ewl/lib/armv6-m\libc.a(memcpy.o)
                                0x138 (size before relaxing)
 .debug_str     0x00003149       0x1c C:/Freescale/CW MCU v11.1/MCU/ARM_GCC_Support/ewl/lib/armv6-m\libc.a(strlen.o)
                                0x140 (size before relaxing)
 .debug_str     0x00003165       0x22 C:/Freescale/CW MCU v11.1/MCU/ARM_GCC_Support/ewl/lib/armv6-m\libc.a(__memrchr.o)
                                0x145 (size before relaxing)
 .debug_str     0x00003187       0x1c C:/Freescale/CW MCU v11.1/MCU/ARM_GCC_Support/ewl/lib/armv6-m\libc.a(memchr.o)
                                0x148 (size before relaxing)
 .debug_str     0x000031a3      0x126 C:/Freescale/CW MCU v11.1/MCU/ARM_GCC_Support/ewl/lib/armv6-m\librt.a(gcc_ctor_dtor.o)
                                0x181 (size before relaxing)
 .debug_str     0x000032c9       0xee C:/Freescale/CW MCU v11.1/MCU/ARM_GCC_Support/ewl/lib/armv6-m\librt.a(__arm_eabi_init.o)
                                0x1b5 (size before relaxing)
 .debug_str     0x000033b7       0x94 C:/Freescale/CW MCU v11.1/MCU/ARM_GCC_Support/ewl/lib/armv6-m\librt.a(ROMCopy.o)
                                0x13c (size before relaxing)

.comment        0x00000000       0xf2
 .comment       0x00000000       0x79 ./Generated_Code/Vectors.o
                                 0x7a (size before relaxing)
 .comment       0x00000000       0x7a ./Generated_Code/TU1.o
 .comment       0x00000000       0x7a ./Generated_Code/TSS1.o
 .comment       0x00000000       0x7a ./Generated_Code/PwmLdd1.o
 .comment       0x00000000       0x7a ./Generated_Code/PE_LDD.o
 .comment       0x00000000       0x7a ./Generated_Code/IO1.o
 .comment       0x00000000       0x7a ./Generated_Code/Cpu.o
 .comment       0x00000000       0x7a ./Generated_Code/Console.o
 .comment       0x00000000       0x7a ./Project_Settings/Startup_Code/__arm_start.o
 .comment       0x00000000       0x7a ./Project_Settings/Startup_Code/__arm_end.o
 .comment       0x00000000       0x7a ./Sources/TSS/TSS_SystemSetupData.o
 .comment       0x00000000       0x7a ./Sources/TSS/TSS_SensorTSIL.o
 .comment       0x00000000       0x7a ./Sources/TSS/TSS_Sensor.o
 .comment       0x00000000       0x7a ./Sources/main.o
 .comment       0x00000000       0x7a ./Sources/Events.o
 .comment       0x00000079       0x79 D:/CW/P1/Sources/TSS\libTSS_KXX_M0.a(TSS_ASliderDecoder.o)
                                 0x7a (size before relaxing)
 .comment       0x00000000       0x7a D:/CW/P1/Sources/TSS\libTSS_KXX_M0.a(TSS_Filters.o)
 .comment       0x00000000       0x7a D:/CW/P1/Sources/TSS\libTSS_KXX_M0.a(TSS_KeyDetector.o)
 .comment       0x00000000       0x7a D:/CW/P1/Sources/TSS\libTSS_KXX_M0.a(TSS_Main.o)
 .comment       0x00000000       0x7a C:/Freescale/CW MCU v11.1/MCU/ARM_GCC_Support/ewl/lib/armv6-m\libc.a(printf.o)
 .comment       0x00000000       0x7a C:/Freescale/CW MCU v11.1/MCU/ARM_GCC_Support/ewl/lib/armv6-m\libc.a(exit.o)
 .comment       0x00000000       0x7a C:/Freescale/CW MCU v11.1/MCU/ARM_GCC_Support/ewl/lib/armv6-m\libc.a(memset.o)
 .comment       0x00000000       0x7a C:/Freescale/CW MCU v11.1/MCU/ARM_GCC_Support/ewl/lib/armv6-m\libc.a(__filll_mem.o)
 .comment       0x00000000       0x7a C:/Freescale/CW MCU v11.1/MCU/ARM_GCC_Support/ewl/lib/armv6-m\libc.a(printformat_.o)
 .comment       0x00000000       0x7a C:/Freescale/CW MCU v11.1/MCU/ARM_GCC_Support/ewl/lib/armv6-m\libc.a(scanformat_.o)
 .comment       0x00000000       0x7a C:/Freescale/CW MCU v11.1/MCU/ARM_GCC_Support/ewl/lib/armv6-m\libc.a(ctype_aeabi.o)
 .comment       0x00000000       0x7a C:/Freescale/CW MCU v11.1/MCU/ARM_GCC_Support/ewl/lib/armv6-m\libc.a(fwrite.o)
 .comment       0x00000000       0x7a C:/Freescale/CW MCU v11.1/MCU/ARM_GCC_Support/ewl/lib/armv6-m\libc.a(ansi_files.o)
 .comment       0x00000000       0x7a C:/Freescale/CW MCU v11.1/MCU/ARM_GCC_Support/ewl/lib/armv6-m\libc.a(__buffer_io.o)
 .comment       0x00000000       0x7a C:/Freescale/CW MCU v11.1/MCU/ARM_GCC_Support/ewl/lib/armv6-m\libc.a(__strtoul.o)
 .comment       0x00000000       0x7a C:/Freescale/CW MCU v11.1/MCU/ARM_GCC_Support/ewl/lib/armv6-m\libc.a(strchr.o)
 .comment       0x00000000       0x7a C:/Freescale/CW MCU v11.1/MCU/ARM_GCC_Support/ewl/lib/armv6-m\libc.a(memcpy.o)
 .comment       0x00000000       0x7a C:/Freescale/CW MCU v11.1/MCU/ARM_GCC_Support/ewl/lib/armv6-m\libc.a(strlen.o)
 .comment       0x00000000       0x7a C:/Freescale/CW MCU v11.1/MCU/ARM_GCC_Support/ewl/lib/armv6-m\libc.a(__memrchr.o)
 .comment       0x00000000       0x7a C:/Freescale/CW MCU v11.1/MCU/ARM_GCC_Support/ewl/lib/armv6-m\libc.a(memchr.o)
 .comment       0x00000000       0x7a C:/Freescale/CW MCU v11.1/MCU/ARM_GCC_Support/ewl/lib/armv6-m\librt.a(gcc_ctor_dtor.o)
 .comment       0x00000000       0x7a C:/Freescale/CW MCU v11.1/MCU/ARM_GCC_Support/ewl/lib/armv6-m\librt.a(__arm_eabi_init.o)
 .comment       0x00000000       0x7a C:/Freescale/CW MCU v11.1/MCU/ARM_GCC_Support/ewl/lib/armv6-m\librt.a(ROMCopy.o)

.debug_loc      0x00000000     0x367c
 .debug_loc     0x00000000      0x150 ./Generated_Code/TU1.o
 .debug_loc     0x00000150       0x64 ./Generated_Code/TSS1.o
 .debug_loc     0x000001b4      0x118 ./Generated_Code/PwmLdd1.o
 .debug_loc     0x000002cc       0x9c ./Generated_Code/PE_LDD.o
 .debug_loc     0x00000368       0xe0 ./Generated_Code/IO1.o
 .debug_loc     0x00000448       0xb0 ./Generated_Code/Cpu.o
 .debug_loc     0x000004f8       0xa8 ./Generated_Code/Console.o
 .debug_loc     0x000005a0       0x2c ./Project_Settings/Startup_Code/__arm_start.o
 .debug_loc     0x000005cc       0x38 ./Project_Settings/Startup_Code/__arm_end.o
 .debug_loc     0x00000604       0x38 ./Sources/TSS/TSS_SystemSetupData.o
 .debug_loc     0x0000063c      0x2a2 ./Sources/TSS/TSS_SensorTSIL.o
 .debug_loc     0x000008de       0xa8 ./Sources/TSS/TSS_Sensor.o
 .debug_loc     0x00000986       0x2c ./Sources/main.o
 .debug_loc     0x000009b2       0xc8 ./Sources/Events.o
 .debug_loc     0x00000a7a       0x2c C:/Freescale/CW MCU v11.1/MCU/ARM_GCC_Support/ewl/lib/armv6-m\libc.a(printf.o)
 .debug_loc     0x00000aa6       0x3e C:/Freescale/CW MCU v11.1/MCU/ARM_GCC_Support/ewl/lib/armv6-m\libc.a(exit.o)
 .debug_loc     0x00000ae4       0x6f C:/Freescale/CW MCU v11.1/MCU/ARM_GCC_Support/ewl/lib/armv6-m\libc.a(memset.o)
 .debug_loc     0x00000b53      0x14a C:/Freescale/CW MCU v11.1/MCU/ARM_GCC_Support/ewl/lib/armv6-m\libc.a(__filll_mem.o)
 .debug_loc     0x00000c9d     0x104b C:/Freescale/CW MCU v11.1/MCU/ARM_GCC_Support/ewl/lib/armv6-m\libc.a(printformat_.o)
 .debug_loc     0x00001ce8      0x9d8 C:/Freescale/CW MCU v11.1/MCU/ARM_GCC_Support/ewl/lib/armv6-m\libc.a(scanformat_.o)
 .debug_loc     0x000026c0      0x30d C:/Freescale/CW MCU v11.1/MCU/ARM_GCC_Support/ewl/lib/armv6-m\libc.a(ctype_aeabi.o)
 .debug_loc     0x000029cd      0x2c2 C:/Freescale/CW MCU v11.1/MCU/ARM_GCC_Support/ewl/lib/armv6-m\libc.a(fwrite.o)
 .debug_loc     0x00002c8f       0x8c C:/Freescale/CW MCU v11.1/MCU/ARM_GCC_Support/ewl/lib/armv6-m\libc.a(ansi_files.o)
 .debug_loc     0x00002d1b      0x126 C:/Freescale/CW MCU v11.1/MCU/ARM_GCC_Support/ewl/lib/armv6-m\libc.a(__buffer_io.o)
 .debug_loc     0x00002e41      0x305 C:/Freescale/CW MCU v11.1/MCU/ARM_GCC_Support/ewl/lib/armv6-m\libc.a(__strtoul.o)
 .debug_loc     0x00003146       0xaf C:/Freescale/CW MCU v11.1/MCU/ARM_GCC_Support/ewl/lib/armv6-m\libc.a(strchr.o)
 .debug_loc     0x000031f5       0x59 C:/Freescale/CW MCU v11.1/MCU/ARM_GCC_Support/ewl/lib/armv6-m\libc.a(memcpy.o)
 .debug_loc     0x0000324e       0x33 C:/Freescale/CW MCU v11.1/MCU/ARM_GCC_Support/ewl/lib/armv6-m\libc.a(strlen.o)
 .debug_loc     0x00003281       0x77 C:/Freescale/CW MCU v11.1/MCU/ARM_GCC_Support/ewl/lib/armv6-m\libc.a(__memrchr.o)
 .debug_loc     0x000032f8       0x77 C:/Freescale/CW MCU v11.1/MCU/ARM_GCC_Support/ewl/lib/armv6-m\libc.a(memchr.o)
 .debug_loc     0x0000336f       0x9d C:/Freescale/CW MCU v11.1/MCU/ARM_GCC_Support/ewl/lib/armv6-m\librt.a(gcc_ctor_dtor.o)
 .debug_loc     0x0000340c      0x197 C:/Freescale/CW MCU v11.1/MCU/ARM_GCC_Support/ewl/lib/armv6-m\librt.a(__arm_eabi_init.o)
 .debug_loc     0x000035a3       0xd9 C:/Freescale/CW MCU v11.1/MCU/ARM_GCC_Support/ewl/lib/armv6-m\librt.a(ROMCopy.o)

.debug_frame    0x00000000      0xeac
 .debug_frame   0x00000000       0xd0 ./Generated_Code/TU1.o
 .debug_frame   0x000000d0       0x4c ./Generated_Code/TSS1.o
 .debug_frame   0x0000011c       0xb0 ./Generated_Code/PwmLdd1.o
 .debug_frame   0x000001cc       0x6c ./Generated_Code/PE_LDD.o
 .debug_frame   0x00000238       0x90 ./Generated_Code/IO1.o
 .debug_frame   0x000002c8       0x80 ./Generated_Code/Cpu.o
 .debug_frame   0x00000348       0x70 ./Generated_Code/Console.o
 .debug_frame   0x000003b8       0x4c ./Project_Settings/Startup_Code/__arm_start.o
 .debug_frame   0x00000404       0x30 ./Project_Settings/Startup_Code/__arm_end.o
 .debug_frame   0x00000434       0x30 ./Sources/TSS/TSS_SystemSetupData.o
 .debug_frame   0x00000464      0x190 ./Sources/TSS/TSS_SensorTSIL.o
 .debug_frame   0x000005f4       0x70 ./Sources/TSS/TSS_Sensor.o
 .debug_frame   0x00000664       0x2c ./Sources/main.o
 .debug_frame   0x00000690       0x88 ./Sources/Events.o
 .debug_frame   0x00000718       0x34 C:/Freescale/CW MCU v11.1/MCU/ARM_GCC_Support/ewl/lib/armv6-m\libc.a(printf.o)
 .debug_frame   0x0000074c       0x2c C:/Freescale/CW MCU v11.1/MCU/ARM_GCC_Support/ewl/lib/armv6-m\libc.a(exit.o)
 .debug_frame   0x00000778       0x28 C:/Freescale/CW MCU v11.1/MCU/ARM_GCC_Support/ewl/lib/armv6-m\libc.a(memset.o)
 .debug_frame   0x000007a0       0x2c C:/Freescale/CW MCU v11.1/MCU/ARM_GCC_Support/ewl/lib/armv6-m\libc.a(__filll_mem.o)
 .debug_frame   0x000007cc       0x54 C:/Freescale/CW MCU v11.1/MCU/ARM_GCC_Support/ewl/lib/armv6-m\libc.a(printformat_.o)
 .debug_frame   0x00000820       0x34 C:/Freescale/CW MCU v11.1/MCU/ARM_GCC_Support/ewl/lib/armv6-m\libc.a(scanformat_.o)
 .debug_frame   0x00000854      0x158 C:/Freescale/CW MCU v11.1/MCU/ARM_GCC_Support/ewl/lib/armv6-m\libc.a(ctype_aeabi.o)
 .debug_frame   0x000009ac       0x64 C:/Freescale/CW MCU v11.1/MCU/ARM_GCC_Support/ewl/lib/armv6-m\libc.a(fwrite.o)
 .debug_frame   0x00000a10       0x48 C:/Freescale/CW MCU v11.1/MCU/ARM_GCC_Support/ewl/lib/armv6-m\libc.a(ansi_files.o)
 .debug_frame   0x00000a58       0x58 C:/Freescale/CW MCU v11.1/MCU/ARM_GCC_Support/ewl/lib/armv6-m\libc.a(__buffer_io.o)
 .debug_frame   0x00000ab0       0x30 C:/Freescale/CW MCU v11.1/MCU/ARM_GCC_Support/ewl/lib/armv6-m\libc.a(__strtoul.o)
 .debug_frame   0x00000ae0       0x28 C:/Freescale/CW MCU v11.1/MCU/ARM_GCC_Support/ewl/lib/armv6-m\libc.a(strchr.o)
 .debug_frame   0x00000b08       0x28 C:/Freescale/CW MCU v11.1/MCU/ARM_GCC_Support/ewl/lib/armv6-m\libc.a(memcpy.o)
 .debug_frame   0x00000b30       0x28 C:/Freescale/CW MCU v11.1/MCU/ARM_GCC_Support/ewl/lib/armv6-m\libc.a(strlen.o)
 .debug_frame   0x00000b58       0x28 C:/Freescale/CW MCU v11.1/MCU/ARM_GCC_Support/ewl/lib/armv6-m\libc.a(__memrchr.o)
 .debug_frame   0x00000b80       0x28 C:/Freescale/CW MCU v11.1/MCU/ARM_GCC_Support/ewl/lib/armv6-m\libc.a(memchr.o)
 .debug_frame   0x00000ba8       0x20 c:/freescale/cw mcu v11.1/cross_tools/arm-none-eabi-gcc-4_7_3/bin/../lib/gcc/arm-none-eabi/4.7.3/armv6-m\libgcc.a(_udivsi3.o)
 .debug_frame   0x00000bc8       0x20 c:/freescale/cw mcu v11.1/cross_tools/arm-none-eabi-gcc-4_7_3/bin/../lib/gcc/arm-none-eabi/4.7.3/armv6-m\libgcc.a(_divsi3.o)
 .debug_frame   0x00000be8       0x28 c:/freescale/cw mcu v11.1/cross_tools/arm-none-eabi-gcc-4_7_3/bin/../lib/gcc/arm-none-eabi/4.7.3/armv6-m\libgcc.a(_fixunssfsi.o)
 .debug_frame   0x00000c10       0x2c c:/freescale/cw mcu v11.1/cross_tools/arm-none-eabi-gcc-4_7_3/bin/../lib/gcc/arm-none-eabi/4.7.3/armv6-m\libgcc.a(eqsf2.o)
 .debug_frame   0x00000c3c       0x30 c:/freescale/cw mcu v11.1/cross_tools/arm-none-eabi-gcc-4_7_3/bin/../lib/gcc/arm-none-eabi/4.7.3/armv6-m\libgcc.a(gesf2.o)
 .debug_frame   0x00000c6c       0x30 c:/freescale/cw mcu v11.1/cross_tools/arm-none-eabi-gcc-4_7_3/bin/../lib/gcc/arm-none-eabi/4.7.3/armv6-m\libgcc.a(lesf2.o)
 .debug_frame   0x00000c9c       0x3c c:/freescale/cw mcu v11.1/cross_tools/arm-none-eabi-gcc-4_7_3/bin/../lib/gcc/arm-none-eabi/4.7.3/armv6-m\libgcc.a(mulsf3.o)
 .debug_frame   0x00000cd8       0x30 c:/freescale/cw mcu v11.1/cross_tools/arm-none-eabi-gcc-4_7_3/bin/../lib/gcc/arm-none-eabi/4.7.3/armv6-m\libgcc.a(subsf3.o)
 .debug_frame   0x00000d08       0x28 c:/freescale/cw mcu v11.1/cross_tools/arm-none-eabi-gcc-4_7_3/bin/../lib/gcc/arm-none-eabi/4.7.3/armv6-m\libgcc.a(fixsfsi.o)
 .debug_frame   0x00000d30       0x2c c:/freescale/cw mcu v11.1/cross_tools/arm-none-eabi-gcc-4_7_3/bin/../lib/gcc/arm-none-eabi/4.7.3/armv6-m\libgcc.a(floatsisf.o)
 .debug_frame   0x00000d5c       0x40 C:/Freescale/CW MCU v11.1/MCU/ARM_GCC_Support/ewl/lib/armv6-m\librt.a(gcc_ctor_dtor.o)
 .debug_frame   0x00000d9c       0xbc C:/Freescale/CW MCU v11.1/MCU/ARM_GCC_Support/ewl/lib/armv6-m\librt.a(__arm_eabi_init.o)
 .debug_frame   0x00000e58       0x54 C:/Freescale/CW MCU v11.1/MCU/ARM_GCC_Support/ewl/lib/armv6-m\librt.a(ROMCopy.o)
